Archive member included to satisfy reference by file (symbol)

.\CortexM3\ARM_GCC_541\Debug\ADC_sharp.a(ADC.o)
                              .\CortexM3\ARM_GCC_541\Debug\main.o (ADC_Start)
.\CortexM3\ARM_GCC_541\Debug\ADC_sharp.a(ADC_INT.o)
                              .\CortexM3\ARM_GCC_541\Debug\ADC_sharp.a(ADC.o) (ADC_ISR1)
.\CortexM3\ARM_GCC_541\Debug\ADC_sharp.a(Opamp.o)
                              .\CortexM3\ARM_GCC_541\Debug\main.o (Opamp_Start)
.\CortexM3\ARM_GCC_541\Debug\ADC_sharp.a(LCD.o)
                              .\CortexM3\ARM_GCC_541\Debug\main.o (LCD_PrintString)
.\CortexM3\ARM_GCC_541\Debug\ADC_sharp.a(ADC_AMux.o)
                              .\CortexM3\ARM_GCC_541\Debug\ADC_sharp.a(ADC.o) (ADC_AMux_Select)
.\CortexM3\ARM_GCC_541\Debug\ADC_sharp.a(ADC_Ext_CP_Clk.o)
                              .\CortexM3\ARM_GCC_541\Debug\ADC_sharp.a(ADC.o) (ADC_Ext_CP_Clk_SetModeRegister)
.\CortexM3\ARM_GCC_541\Debug\ADC_sharp.a(ADC_theACLK.o)
                              .\CortexM3\ARM_GCC_541\Debug\ADC_sharp.a(ADC.o) (ADC_theACLK_SetModeRegister)
.\CortexM3\ARM_GCC_541\Debug\ADC_sharp.a(CyLib.o)
                              .\CortexM3\ARM_GCC_541\Debug\Cm3Start.o (CyHalt)
.\CortexM3\ARM_GCC_541\Debug\ADC_sharp.a(cyPm.o)
                              .\CortexM3\ARM_GCC_541\Debug\ADC_sharp.a(CyLib.o) (CyPmReadStatus)
.\CortexM3\ARM_GCC_541\Debug\ADC_sharp.a(CyBootAsmGnu.o)
                              .\CortexM3\ARM_GCC_541\Debug\cyfitter_cfg.o (CyDelayCycles)
.\CortexM3\ARM_GCC_541\Debug\ADC_sharp.a(CyFlash.o)
                              .\CortexM3\ARM_GCC_541\Debug\ADC_sharp.a(cyPm.o) (CyFlash_SetWaitCycles)
.\CortexM3\ARM_GCC_541\Debug\ADC_sharp.a(CySpc.o)
                              .\CortexM3\ARM_GCC_541\Debug\ADC_sharp.a(CyFlash.o) (CySpcStart)
c:/program files (x86)/cypress/psoc creator/4.2/psoc creator/import/gnu/arm/5.4.1/bin/../lib/gcc/arm-none-eabi/5.4.1/armv7-m\libgcc.a(_arm_addsubdf3.o)
                              .\CortexM3\ARM_GCC_541\Debug\main.o (__aeabi_f2d)
c:/program files (x86)/cypress/psoc creator/4.2/psoc creator/import/gnu/arm/5.4.1/bin/../lib/gcc/arm-none-eabi/5.4.1/armv7-m\libgcc.a(_arm_cmpdf2.o)
                              .\CortexM3\ARM_GCC_541\Debug\ADC_sharp.a(ADC.o) (__aeabi_dcmpgt)
c:/program files (x86)/cypress/psoc creator/4.2/psoc creator/import/gnu/arm/5.4.1/bin/../lib/gcc/arm-none-eabi/5.4.1/armv7-m\libgcc.a(_arm_addsubsf3.o)
                              .\CortexM3\ARM_GCC_541\Debug\main.o (__aeabi_fadd)
c:/program files (x86)/cypress/psoc creator/4.2/psoc creator/import/gnu/arm/5.4.1/bin/../lib/gcc/arm-none-eabi/5.4.1/armv7-m\libgcc.a(_arm_muldivsf3.o)
                              .\CortexM3\ARM_GCC_541\Debug\main.o (__aeabi_fmul)
c:/program files (x86)/cypress/psoc creator/4.2/psoc creator/import/gnu/arm/5.4.1/bin/../lib/gcc/arm-none-eabi/5.4.1/armv7-m\libgcc.a(_arm_fixunssfsi.o)
                              .\CortexM3\ARM_GCC_541\Debug\ADC_sharp.a(ADC.o) (__aeabi_f2uiz)
c:/program files (x86)/cypress/psoc creator/4.2/psoc creator/import/gnu/arm/5.4.1/bin/../lib/gcc/arm-none-eabi/5.4.1/../../../../arm-none-eabi/lib/armv7-m\libg_nano.a(lib_a-errno.o)
                              .\CortexM3\ARM_GCC_541\Debug\Cm3Start.o (__errno)
c:/program files (x86)/cypress/psoc creator/4.2/psoc creator/import/gnu/arm/5.4.1/bin/../lib/gcc/arm-none-eabi/5.4.1/../../../../arm-none-eabi/lib/armv7-m\libg_nano.a(lib_a-exit.o)
                              c:/program files (x86)/cypress/psoc creator/4.2/psoc creator/import/gnu/arm/5.4.1/bin/../lib/gcc/arm-none-eabi/5.4.1/../../../../arm-none-eabi/lib/armv7-m/crt0.o (exit)
c:/program files (x86)/cypress/psoc creator/4.2/psoc creator/import/gnu/arm/5.4.1/bin/../lib/gcc/arm-none-eabi/5.4.1/../../../../arm-none-eabi/lib/armv7-m\libg_nano.a(lib_a-impure.o)
                              c:/program files (x86)/cypress/psoc creator/4.2/psoc creator/import/gnu/arm/5.4.1/bin/../lib/gcc/arm-none-eabi/5.4.1/../../../../arm-none-eabi/lib/armv7-m\libg_nano.a(lib_a-exit.o) (_global_impure_ptr)
c:/program files (x86)/cypress/psoc creator/4.2/psoc creator/import/gnu/arm/5.4.1/bin/../lib/gcc/arm-none-eabi/5.4.1/../../../../arm-none-eabi/lib/armv7-m\libg_nano.a(lib_a-init.o)
                              c:/program files (x86)/cypress/psoc creator/4.2/psoc creator/import/gnu/arm/5.4.1/bin/../lib/gcc/arm-none-eabi/5.4.1/../../../../arm-none-eabi/lib/armv7-m/crt0.o (__libc_init_array)
c:/program files (x86)/cypress/psoc creator/4.2/psoc creator/import/gnu/arm/5.4.1/bin/../lib/gcc/arm-none-eabi/5.4.1/../../../../arm-none-eabi/lib/armv7-m\libg_nano.a(lib_a-memcpy-stub.o)
                              .\CortexM3\ARM_GCC_541\Debug\cyfitter_cfg.o (memcpy)
c:/program files (x86)/cypress/psoc creator/4.2/psoc creator/import/gnu/arm/5.4.1/bin/../lib/gcc/arm-none-eabi/5.4.1/../../../../arm-none-eabi/lib/armv7-m\libg_nano.a(lib_a-memset.o)
[...]
Memory Configuration

Name             Origin             Length             Attributes
rom              0x00000000         0x00040000         xr
ram              0x1fff8000         0x00010000         xrw
*default*        0x00000000         0xffffffff

Linker script and memory map

LOAD c:/program files (x86)/cypress/psoc creator/4.2/psoc creator/import/gnu/arm/5.4.1/bin/../lib/gcc/arm-none-eabi/5.4.1/armv7-m/crti.o
LOAD c:/program files (x86)/cypress/psoc creator/4.2/psoc creator/import/gnu/arm/5.4.1/bin/../lib/gcc/arm-none-eabi/5.4.1/armv7-m/crtbegin.o
LOAD c:/program files (x86)/cypress/psoc creator/4.2/psoc creator/import/gnu/arm/5.4.1/bin/../lib/gcc/arm-none-eabi/5.4.1/../../../../arm-none-eabi/lib/armv7-m/crt0.o
START GROUP
LOAD .\CortexM3\ARM_GCC_541\Debug\main.o
LOAD .\CortexM3\ARM_GCC_541\Debug\cyfitter_cfg.o
LOAD .\CortexM3\ARM_GCC_541\Debug\cymetadata.o
LOAD .\CortexM3\ARM_GCC_541\Debug\Cm3Start.o
LOAD .\CortexM3\ARM_GCC_541\Debug\ADC_sharp.a
LOAD C:\Program Files (x86)\Cypress\PSoC Creator\4.2\PSoC Creator\psoc\content\cycomponentlibrary\CyComponentLibrary.cylib\CortexM3\ARM_GCC_541\Debug\CyComponentLibrary.a
END GROUP
START GROUP
LOAD c:/program files (x86)/cypress/psoc creator/4.2/psoc creator/import/gnu/arm/5.4.1/bin/../lib/gcc/arm-none-eabi/5.4.1/armv7-m\libgcc.a
LOAD c:/program files (x86)/cypress/psoc creator/4.2/psoc creator/import/gnu/arm/5.4.1/bin/../lib/gcc/arm-none-eabi/5.4.1/../../../../arm-none-eabi/lib/armv7-m\libg_nano.a
LOAD c:/program files (x86)/cypress/psoc creator/4.2/psoc creator/import/gnu/arm/5.4.1/bin/../lib/gcc/arm-none-eabi/5.4.1/../../../../arm-none-eabi/lib/armv7-m\libc_nano.a
END GROUP
START GROUP
LOAD c:/program files (x86)/cypress/psoc creator/4.2/psoc creator/import/gnu/arm/5.4.1/bin/../lib/gcc/arm-none-eabi/5.4.1/armv7-m\libgcc.a
LOAD c:/program files (x86)/cypress/psoc creator/4.2/psoc creator/import/gnu/arm/5.4.1/bin/../lib/gcc/arm-none-eabi/5.4.1/../../../../arm-none-eabi/lib/armv7-m\libc_nano.a
END GROUP
LOAD c:/program files (x86)/cypress/psoc creator/4.2/psoc creator/import/gnu/arm/5.4.1/bin/../lib/gcc/arm-none-eabi/5.4.1/armv7-m/crtend.o
LOAD c:/program files (x86)/cypress/psoc creator/4.2/psoc creator/import/gnu/arm/5.4.1/bin/../lib/gcc/arm-none-eabi/5.4.1/armv7-m/crtn.o
START GROUP
LOAD c:/program files (x86)/cypress/psoc creator/4.2/psoc creator/import/gnu/arm/5.4.1/bin/../lib/gcc/arm-none-eabi/5.4.1/armv7-m\libgcc.a
LOAD c:/program files (x86)/cypress/psoc creator/4.2/psoc creator/import/gnu/arm/5.4.1/bin/../lib/gcc/arm-none-eabi/5.4.1/../../../../arm-none-eabi/lib/armv7-m\libc.a
LOAD c:/program files (x86)/cypress/psoc creator/4.2/psoc creator/import/gnu/arm/5.4.1/bin/../lib/gcc/arm-none-eabi/5.4.1/../../../../arm-none-eabi/lib/armv7-m\libnosys.a
END GROUP
                0x00000000                CY_APPL_ORIGIN = 0x0
                0x00000100                CY_FLASH_ROW_SIZE = 0x100
                0x00000020                CY_ECC_ROW_SIZE = 0x20
                0x00000000                CY_EE_IN_BTLDR = 0x0
                0x00000000                CY_APPL_LOADABLE = 0x0
                0x00000800                CY_EE_SIZE = 0x800
                0x00000001                CY_APPL_NUM = 0x1
                0x00000001                CY_APPL_MAX = 0x1
                0x00000040                CY_METADATA_SIZE = 0x40
                0x00000000                CY_APPL_LOADABLE = 0x0
                0x00000000                CY_CHECKSUM_EXCLUDE_SIZE = ALIGN (0x0, CY_FLASH_ROW_SIZE)
                [!provide]                PROVIDE (__cy_heap_start, _end)
                0x00000001                PROVIDE (__cy_region_num, ((__cy_regions_end - __cy_regions) / 0x10))
                0x20008000                PROVIDE (__cy_stack, (ORIGIN (ram) + LENGTH (ram)))
                [!provide]                PROVIDE (__cy_heap_end, (__cy_stack - 0x800))

.cybootloader   0x00000000        0x0
 *(.cybootloader)
                0x00000000                appl1_start = CY_APPL_ORIGIN?CY_APPL_ORIGIN:ALIGN (CY_FLASH_ROW_SIZE)
                0x0001ff00                appl2_start = (appl1_start + ALIGN ((((LENGTH (rom) - appl1_start) - (0x2 * CY_FLASH_ROW_SIZE)) / 0x2), CY_FLASH_ROW_SIZE))
                0x00000000                appl_start = (CY_APPL_NUM == 0x1)?appl1_start:appl2_start
                0x00000000                ecc_offset = ((appl_start / CY_FLASH_ROW_SIZE) * CY_ECC_ROW_SIZE)
                0x00000000                ee_offset = (CY_APPL_LOADABLE && ! (CY_EE_IN_BTLDR))?((CY_EE_SIZE / CY_APPL_MAX) * (CY_APPL_NUM - 0x1)):0x0
                0x00000800                ee_size = (CY_APPL_LOADABLE && ! (CY_EE_IN_BTLDR))?(CY_EE_SIZE / CY_APPL_MAX):CY_EE_SIZE
                [!provide]                PROVIDE (CY_ECC_OFFSET, ecc_offset)

.text           0x00000000     0x3d18
 CREATE_OBJECT_SYMBOLS
                0x00000000                PROVIDE (__cy_interrupt_vector, RomVectors)
 *(.romvectors)
 .romvectors    0x00000000       0x10 .\CortexM3\ARM_GCC_541\Debug\Cm3Start.o
                0x00000000                RomVectors
                0x00000001                ASSERT ((. != __cy_interrupt_vector), No interrupt vector)
                0x00000001                ASSERT (CY_APPL_ORIGIN?(SIZEOF (.cybootloader) <= CY_APPL_ORIGIN):0x1, Wrong image location)
                0x00000010                PROVIDE (__cy_reset, Reset)
 *(.text.Reset)
 .text.Reset    0x00000010       0x18 .\CortexM3\ARM_GCC_541\Debug\Cm3Start.o
                0x00000010                Reset
                0x00000001                ASSERT ((. != __cy_reset), No reset code)
 *(.dma_init)
                0x00000001                ASSERT ((((appl_start + .) <= 0x10000) || 0x1), DMA Init must be within the first 64k of flash)
 *(.text .text.* .gnu.linkonce.t.*)
 .text          0x00000028       0x5c c:/program files (x86)/cypress/psoc creator/4.2/psoc creator/import/gnu/arm/5.4.1/bin/../lib/gcc/arm-none-eabi/5.4.1/armv7-m/crtbegin.o
 .text.main     0x00000084       0x94 .\CortexM3\ARM_GCC_541\Debug\main.o
                0x00000084                main
 .text.CyClockStartupError
                0x00000118        0x4 .\CortexM3\ARM_GCC_541\Debug\cyfitter_cfg.o
 .text.cfg_write_bytes32
                0x0000011c       0x34 .\CortexM3\ARM_GCC_541\Debug\cyfitter_cfg.o
 .text.AnalogSetDefault
                0x00000150       0x50 .\CortexM3\ARM_GCC_541\Debug\cyfitter_cfg.o
 .text.CYMEMZERO
                0x000001a0        0xc .\CortexM3\ARM_GCC_541\Debug\cyfitter_cfg.o
 .text.CYCONFIGCPY
                0x000001ac        0x8 .\CortexM3\ARM_GCC_541\Debug\cyfitter_cfg.o
 .text.ClockSetup
                0x000001b4       0xe4 .\CortexM3\ARM_GCC_541\Debug\cyfitter_cfg.o
 .text.ADC_AMux_Set
                0x00000298       0x1c .\CortexM3\ARM_GCC_541\Debug\cyfitter_cfg.o
                0x00000298                ADC_AMux_Set
 .text.ADC_AMux_Unset
                0x000002b4       0x1c .\CortexM3\ARM_GCC_541\Debug\cyfitter_cfg.o
                0x000002b4                ADC_AMux_Unset
 .text.cyfitter_cfg
                0x000002d0       0xf8 .\CortexM3\ARM_GCC_541\Debug\cyfitter_cfg.o
                0x000002d0                cyfitter_cfg
 .text.IntDefaultHandler
                0x000003c8       0x10 .\CortexM3\ARM_GCC_541\Debug\Cm3Start.o
                0x000003c8                IntDefaultHandler
 .text._sbrk    0x000003d8       0x30 .\CortexM3\ARM_GCC_541\Debug\Cm3Start.o
                0x000003d8                _sbrk
 .text.Start_c  0x00000408       0x4c .\CortexM3\ARM_GCC_541\Debug\Cm3Start.o
                0x00000408                Start_c
 .text.initialize_psoc
                0x00000454       0x68 .\CortexM3\ARM_GCC_541\Debug\Cm3Start.o
                0x00000454                initialize_psoc
 .text.ADC_GainCompensation
                0x000004bc       0xdc .\CortexM3\ARM_GCC_541\Debug\ADC_sharp.a(ADC.o)
 .text.ADC_SetDSMRef0Reg
                0x00000598       0x4c .\CortexM3\ARM_GCC_541\Debug\ADC_sharp.a(ADC.o)
 .text.ADC_InitConfig
                0x000005e4       0xe8 .\CortexM3\ARM_GCC_541\Debug\ADC_sharp.a(ADC.o)
 .text.ADC_Init
                0x000006cc       0xc4 .\CortexM3\ARM_GCC_541\Debug\ADC_sharp.a(ADC.o)
                0x000006cc                ADC_Init
 .text.ADC_Enable
                0x00000790       0xd8 .\CortexM3\ARM_GCC_541\Debug\ADC_sharp.a(ADC.o)
                0x00000790                ADC_Enable
 .text.ADC_Start
                0x00000868       0x28 .\CortexM3\ARM_GCC_541\Debug\ADC_sharp.a(ADC.o)
                0x00000868                ADC_Start
 .text.ADC_StartConvert
                0x00000890       0x10 .\CortexM3\ARM_GCC_541\Debug\ADC_sharp.a(ADC.o)
                0x00000890                ADC_StartConvert
 .text.ADC_StopConvert
                0x000008a0       0x10 .\CortexM3\ARM_GCC_541\Debug\ADC_sharp.a(ADC.o)
                0x000008a0                ADC_StopConvert
 .text.ADC_IsEndConversion
                0x000008b0       0x30 .\CortexM3\ARM_GCC_541\Debug\ADC_sharp.a(ADC.o)
                0x000008b0                ADC_IsEndConversion
 .text.ADC_GetResult32
                0x000008e0       0x6c .\CortexM3\ARM_GCC_541\Debug\ADC_sharp.a(ADC.o)
                0x000008e0                ADC_GetResult32
 .text.ADC_CountsTo_Volts
                0x0000094c       0x28 .\CortexM3\ARM_GCC_541\Debug\ADC_sharp.a(ADC.o)
                0x0000094c                ADC_CountsTo_Volts
 .text.ADC_ISR1
                0x00000974        0x4 .\CortexM3\ARM_GCC_541\Debug\ADC_sharp.a(ADC_INT.o)
                0x00000974                ADC_ISR1
 .text.Opamp_Enable
                0x00000978       0x28 .\CortexM3\ARM_GCC_541\Debug\ADC_sharp.a(Opamp.o)
                0x00000978                Opamp_Enable
 .text.Opamp_SetPower
                0x000009a0       0x1c .\CortexM3\ARM_GCC_541\Debug\ADC_sharp.a(Opamp.o)
                0x000009a0                Opamp_SetPower
 .text.Opamp_Init
                0x000009bc        0xc .\CortexM3\ARM_GCC_541\Debug\ADC_sharp.a(Opamp.o)
                0x000009bc                Opamp_Init
 .text.Opamp_Start
                0x000009c8       0x1c .\CortexM3\ARM_GCC_541\Debug\ADC_sharp.a(Opamp.o)
                0x000009c8                Opamp_Start
 .text.LCD_WrCntrlNib
                0x000009e4       0x34 .\CortexM3\ARM_GCC_541\Debug\ADC_sharp.a(LCD.o)
 .text.LCD_WrDatNib
                0x00000a18       0x3c .\CortexM3\ARM_GCC_541\Debug\ADC_sharp.a(LCD.o)
 .text.LCD_WriteData
                0x00000a54       0x20 .\CortexM3\ARM_GCC_541\Debug\ADC_sharp.a(LCD.o)
                0x00000a54                LCD_WriteData
 .text.LCD_PrintString
                0x00000a74       0x1c .\CortexM3\ARM_GCC_541\Debug\ADC_sharp.a(LCD.o)
                0x00000a74                LCD_PrintString
 .text.LCD_WriteControl
                0x00000a90       0x24 .\CortexM3\ARM_GCC_541\Debug\ADC_sharp.a(LCD.o)
                0x00000a90                LCD_WriteControl
 .text.LCD_Init
                0x00000ab4       0x6c .\CortexM3\ARM_GCC_541\Debug\ADC_sharp.a(LCD.o)
                0x00000ab4                LCD_Init
 .text.LCD_Enable
                0x00000b20       0x14 .\CortexM3\ARM_GCC_541\Debug\ADC_sharp.a(LCD.o)
                0x00000b20                LCD_Enable
 .text.LCD_Start
                0x00000b34       0x1c .\CortexM3\ARM_GCC_541\Debug\ADC_sharp.a(LCD.o)
                0x00000b34                LCD_Start
 .text.LCD_Position
                0x00000b50       0x3c .\CortexM3\ARM_GCC_541\Debug\ADC_sharp.a(LCD.o)
                0x00000b50                LCD_Position
 .text.ADC_AMux_Start
                0x00000b8c       0x20 .\CortexM3\ARM_GCC_541\Debug\ADC_sharp.a(ADC_AMux.o)
                0x00000b8c                ADC_AMux_Start
 .text.ADC_AMux_Select
                0x00000bac       0x18 .\CortexM3\ARM_GCC_541\Debug\ADC_sharp.a(ADC_AMux.o)
                0x00000bac                ADC_AMux_Select
 .text.ADC_Ext_CP_Clk_GetDividerRegister
                0x00000bc4        0xc .\CortexM3\ARM_GCC_541\Debug\ADC_sharp.a(ADC_Ext_CP_Clk.o)
                0x00000bc4                ADC_Ext_CP_Clk_GetDividerRegister
 .text.ADC_Ext_CP_Clk_SetModeRegister
                0x00000bd0       0x14 .\CortexM3\ARM_GCC_541\Debug\ADC_sharp.a(ADC_Ext_CP_Clk.o)
                0x00000bd0                ADC_Ext_CP_Clk_SetModeRegister
 .text.ADC_Ext_CP_Clk_GetSourceRegister
                0x00000be4       0x10 .\CortexM3\ARM_GCC_541\Debug\ADC_sharp.a(ADC_Ext_CP_Clk.o)
                0x00000be4                ADC_Ext_CP_Clk_GetSourceRegister
 .text.ADC_Ext_CP_Clk_SetDividerRegister
                0x00000bf4       0xd8 .\CortexM3\ARM_GCC_541\Debug\ADC_sharp.a(ADC_Ext_CP_Clk.o)
                0x00000bf4                ADC_Ext_CP_Clk_SetDividerRegister
 .text.ADC_theACLK_GetDividerRegister
                0x00000ccc        0xc .\CortexM3\ARM_GCC_541\Debug\ADC_sharp.a(ADC_theACLK.o)
                0x00000ccc                ADC_theACLK_GetDividerRegister
 .text.ADC_theACLK_SetModeRegister
                0x00000cd8       0x14 .\CortexM3\ARM_GCC_541\Debug\ADC_sharp.a(ADC_theACLK.o)
                0x00000cd8                ADC_theACLK_SetModeRegister
 .text.ADC_theACLK_GetSourceRegister
                0x00000cec       0x10 .\CortexM3\ARM_GCC_541\Debug\ADC_sharp.a(ADC_theACLK.o)
                0x00000cec                ADC_theACLK_GetSourceRegister
 .text.ADC_theACLK_SetDividerRegister
                0x00000cfc       0xd8 .\CortexM3\ARM_GCC_541\Debug\ADC_sharp.a(ADC_theACLK.o)
                0x00000cfc                ADC_theACLK_SetDividerRegister
 .text.CyHalt   0x00000dd4        0x4 .\CortexM3\ARM_GCC_541\Debug\ADC_sharp.a(CyLib.o)
                0x00000dd4                CyHalt
 .text.CyDelay  0x00000dd8       0x2c .\CortexM3\ARM_GCC_541\Debug\ADC_sharp.a(CyLib.o)
                0x00000dd8                CyDelay
 .text.CyDelayUs
                0x00000e04       0x14 .\CortexM3\ARM_GCC_541\Debug\ADC_sharp.a(CyLib.o)
                0x00000e04                CyDelayUs
 .text.CyIntSetVector
                0x00000e18       0x28 .\CortexM3\ARM_GCC_541\Debug\ADC_sharp.a(CyLib.o)
                0x00000e18                CyIntSetVector
 .text.CyIntSetPriority
                0x00000e40       0x30 .\CortexM3\ARM_GCC_541\Debug\ADC_sharp.a(CyLib.o)
                0x00000e40                CyIntSetPriority
 .text          0x00000e70       0x20 .\CortexM3\ARM_GCC_541\Debug\ADC_sharp.a(CyBootAsmGnu.o)
                0x00000e70                CyDelayCycles
                0x00000e80                CyEnterCriticalSection
                0x00000e88                CyExitCriticalSection
 .text          0x00000e90      0x370 c:/program files (x86)/cypress/psoc creator/4.2/psoc creator/import/gnu/arm/5.4.1/bin/../lib/gcc/arm-none-eabi/5.4.1/armv7-m\libgcc.a(_arm_addsubdf3.o)
                0x00000e90                __aeabi_drsub
                0x00000e98                __aeabi_dsub
                0x00000e98                __subdf3
                0x00000e9c                __aeabi_dadd
                0x00000e9c                __adddf3
                0x00001114                __floatunsidf
                0x00001114                __aeabi_ui2d
                0x00001134                __floatsidf
                0x00001134                __aeabi_i2d
                0x00001158                __aeabi_f2d
                0x00001158                __extendsfdf2
                0x00001194                __floatundidf
                0x00001194                __aeabi_ul2d
                0x000011a4                __floatdidf
                0x000011a4                __aeabi_l2d
 .text          0x00001200      0x110 c:/program files (x86)/cypress/psoc creator/4.2/psoc creator/import/gnu/arm/5.4.1/bin/../lib/gcc/arm-none-eabi/5.4.1/armv7-m\libgcc.a(_arm_cmpdf2.o)
                0x00001200                __gtdf2
                0x00001200                __gedf2
                0x00001208                __ltdf2
                0x00001208                __ledf2
                0x00001210                __nedf2
                0x00001210                __eqdf2
                0x00001210                __cmpdf2
                0x0000128c                __aeabi_cdrcmple
                0x0000129c                __aeabi_cdcmpeq
                0x0000129c                __aeabi_cdcmple
                0x000012ac                __aeabi_dcmpeq
                0x000012c0                __aeabi_dcmplt
                0x000012d4                __aeabi_dcmple
                0x000012e8                __aeabi_dcmpge
                0x000012fc                __aeabi_dcmpgt
 .text          0x00001310      0x21c c:/program files (x86)/cypress/psoc creator/4.2/psoc creator/import/gnu/arm/5.4.1/bin/../lib/gcc/arm-none-eabi/5.4.1/armv7-m\libgcc.a(_arm_addsubsf3.o)
                0x00001310                __aeabi_frsub
                0x00001318                __subsf3
                0x00001318                __aeabi_fsub
                0x0000131c                __aeabi_fadd
                0x0000131c                __addsf3
                0x0000147c                __aeabi_ui2f
                0x0000147c                __floatunsisf
                0x00001484                __aeabi_i2f
                0x00001484                __floatsisf
                0x000014a0                __aeabi_ul2f
                0x000014a0                __floatundisf
                0x000014b0                __aeabi_l2f
                0x000014b0                __floatdisf
 .text          0x0000152c      0x2a0 c:/program files (x86)/cypress/psoc creator/4.2/psoc creator/import/gnu/arm/5.4.1/bin/../lib/gcc/arm-none-eabi/5.4.1/armv7-m\libgcc.a(_arm_muldivsf3.o)
                0x0000152c                __mulsf3
                0x0000152c                __aeabi_fmul
                0x00001694                __aeabi_fdiv
                0x00001694                __divsf3
 .text.__errno  0x000017cc        0xc c:/program files (x86)/cypress/psoc creator/4.2/psoc creator/import/gnu/arm/5.4.1/bin/../lib/gcc/arm-none-eabi/5.4.1/../../../../arm-none-eabi/lib/armv7-m\libg_nano.a(lib_a-errno.o)
                0x000017cc                __errno
 .text.__libc_init_array
                0x000017d8       0x4c c:/program files (x86)/cypress/psoc creator/4.2/psoc creator/import/gnu/arm/5.4.1/bin/../lib/gcc/arm-none-eabi/5.4.1/../../../../arm-none-eabi/lib/armv7-m\libg_nano.a(lib_a-init.o)
                0x000017d8                __libc_init_array
 .text.memcpy   0x00001824       0x16 c:/program files (x86)/cypress/psoc creator/4.2/psoc creator/import/gnu/arm/5.4.1/bin/../lib/gcc/arm-none-eabi/5.4.1/../../../../arm-none-eabi/lib/armv7-m\libg_nano.a(lib_a-memcpy-stub.o)
                0x00001824                memcpy
 .text.memset   0x0000183a       0x10 c:/program files (x86)/cypress/psoc creator/4.2/psoc creator/import/gnu/arm/5.4.1/bin/../lib/gcc/arm-none-eabi/5.4.1/../../../../arm-none-eabi/lib/armv7-m\libg_nano.a(lib_a-memset.o)
                0x0000183a                memset
 .text.__cvt    0x0000184a       0xc0 c:/program files (x86)/cypress/psoc creator/4.2/psoc creator/import/gnu/arm/5.4.1/bin/../lib/gcc/arm-none-eabi/5.4.1/../../../../arm-none-eabi/lib/armv7-m\libg_nano.a(lib_a-nano-vfprintf_float.o)
                0x0000184a                __cvt
 .text.__exponent
                0x0000190a       0x62 c:/program files (x86)/cypress/psoc creator/4.2/psoc creator/import/gnu/arm/5.4.1/bin/../lib/gcc/arm-none-eabi/5.4.1/../../../../arm-none-eabi/lib/armv7-m\libg_nano.a(lib_a-nano-vfprintf_float.o)
                0x0000190a                __exponent
 .text._printf_float
                0x0000196c      0x488 c:/program files (x86)/cypress/psoc creator/4.2/psoc creator/import/gnu/arm/5.4.1/bin/../lib/gcc/arm-none-eabi/5.4.1/../../../../arm-none-eabi/lib/armv7-m\libg_nano.a(lib_a-nano-vfprintf_float.o)
                0x0000196c                _printf_float
 .text._printf_common
                0x00001df4       0xec c:/program files (x86)/cypress/psoc creator/4.2/psoc creator/import/gnu/arm/5.4.1/bin/../lib/gcc/arm-none-eabi/5.4.1/../../../../arm-none-eabi/lib/armv7-m\libg_nano.a(lib_a-nano-vfprintf_i.o)
                0x00001df4                _printf_common
 .text._printf_i
                0x00001ee0      0x24c c:/program files (x86)/cypress/psoc creator/4.2/psoc creator/import/gnu/arm/5.4.1/bin/../lib/gcc/arm-none-eabi/5.4.1/../../../../arm-none-eabi/lib/armv7-m\libg_nano.a(lib_a-nano-vfprintf_i.o)
                0x00001ee0                _printf_i
 .text.sprintf  0x0000212c       0x48 c:/program files (x86)/cypress/psoc creator/4.2/psoc creator/import/gnu/arm/5.4.1/bin/../lib/gcc/arm-none-eabi/5.4.1/../../../../arm-none-eabi/lib/armv7-m\libg_nano.a(lib_a-sprintf.o)
                0x0000212c                siprintf
                0x0000212c                sprintf
 .text          0x00002174       0x10 c:/program files (x86)/cypress/psoc creator/4.2/psoc creator/import/gnu/arm/5.4.1/bin/../lib/gcc/arm-none-eabi/5.4.1/../../../../arm-none-eabi/lib/armv7-m\libg_nano.a(lib_a-strlen.o)
                0x00002174                strlen
 .text.quorem   0x00002184      0x116 c:/program files (x86)/cypress/psoc creator/4.2/psoc creator/import/gnu/arm/5.4.1/bin/../lib/gcc/arm-none-eabi/5.4.1/../../../../arm-none-eabi/lib/armv7-m\libg_nano.a(lib_a-dtoa.o)
 *fill*         0x0000229a        0x6 
 .text._dtoa_r  0x000022a0      0xb30 c:/program files (x86)/cypress/psoc creator/4.2/psoc creator/import/gnu/arm/5.4.1/bin/../lib/gcc/arm-none-eabi/5.4.1/../../../../arm-none-eabi/lib/armv7-m\libg_nano.a(lib_a-dtoa.o)
                0x000022a0                _dtoa_r
 .text._localeconv_r
                0x00002dd0        0x8 c:/program files (x86)/cypress/psoc creator/4.2/psoc creator/import/gnu/arm/5.4.1/bin/../lib/gcc/arm-none-eabi/5.4.1/../../../../arm-none-eabi/lib/armv7-m\libg_nano.a(lib_a-locale.o)
                0x00002dd0                _localeconv_r
 .text.malloc   0x00002dd8       0x10 c:/program files (x86)/cypress/psoc creator/4.2/psoc creator/import/gnu/arm/5.4.1/bin/../lib/gcc/arm-none-eabi/5.4.1/../../../../arm-none-eabi/lib/armv7-m\libg_nano.a(lib_a-malloc.o)
                0x00002dd8                malloc
 .text.memchr   0x00002de8       0x1c c:/program files (x86)/cypress/psoc creator/4.2/psoc creator/import/gnu/arm/5.4.1/bin/../lib/gcc/arm-none-eabi/5.4.1/../../../../arm-none-eabi/lib/armv7-m\libg_nano.a(lib_a-memchr-stub.o)
                0x00002de8                memchr
 .text._Balloc  0x00002e04       0x6a c:/program files (x86)/cypress/psoc creator/4.2/psoc creator/import/gnu/arm/5.4.1/bin/../lib/gcc/arm-none-eabi/5.4.1/../../../../arm-none-eabi/lib/armv7-m\libg_nano.a(lib_a-mprec.o)
                0x00002e04                _Balloc
 .text._Bfree   0x00002e6e       0x2e c:/program files (x86)/cypress/psoc creator/4.2/psoc creator/import/gnu/arm/5.4.1/bin/../lib/gcc/arm-none-eabi/5.4.1/../../../../arm-none-eabi/lib/armv7-m\libg_nano.a(lib_a-mprec.o)
                0x00002e6e                _Bfree
 .text.__multadd
                0x00002e9c       0x76 c:/program files (x86)/cypress/psoc creator/4.2/psoc creator/import/gnu/arm/5.4.1/bin/../lib/gcc/arm-none-eabi/5.4.1/../../../../arm-none-eabi/lib/armv7-m\libg_nano.a(lib_a-mprec.o)
                0x00002e9c                __multadd
 .text.__hi0bits
                0x00002f12       0x40 c:/program files (x86)/cypress/psoc creator/4.2/psoc creator/import/gnu/arm/5.4.1/bin/../lib/gcc/arm-none-eabi/5.4.1/../../../../arm-none-eabi/lib/armv7-m\libg_nano.a(lib_a-mprec.o)
                0x00002f12                __hi0bits
 .text.__lo0bits
                0x00002f52       0x5a c:/program files (x86)/cypress/psoc creator/4.2/psoc creator/import/gnu/arm/5.4.1/bin/../lib/gcc/arm-none-eabi/5.4.1/../../../../arm-none-eabi/lib/armv7-m\libg_nano.a(lib_a-mprec.o)
                0x00002f52                __lo0bits
 .text.__i2b    0x00002fac       0x12 c:/program files (x86)/cypress/psoc creator/4.2/psoc creator/import/gnu/arm/5.4.1/bin/../lib/gcc/arm-none-eabi/5.4.1/../../../../arm-none-eabi/lib/armv7-m\libg_nano.a(lib_a-mprec.o)
                0x00002fac                __i2b
 .text.__multiply
                0x00002fbe      0x120 c:/program files (x86)/cypress/psoc creator/4.2/psoc creator/import/gnu/arm/5.4.1/bin/../lib/gcc/arm-none-eabi/5.4.1/../../../../arm-none-eabi/lib/armv7-m\libg_nano.a(lib_a-mprec.o)
                0x00002fbe                __multiply
 *fill*         0x000030de        0x2 
 .text.__pow5mult
                0x000030e0       0x9c c:/program files (x86)/cypress/psoc creator/4.2/psoc creator/import/gnu/arm/5.4.1/bin/../lib/gcc/arm-none-eabi/5.4.1/../../../../arm-none-eabi/lib/armv7-m\libg_nano.a(lib_a-mprec.o)
                0x000030e0                __pow5mult
 .text.__lshift
                0x0000317c       0xa2 c:/program files (x86)/cypress/psoc creator/4.2/psoc creator/import/gnu/arm/5.4.1/bin/../lib/gcc/arm-none-eabi/5.4.1/../../../../arm-none-eabi/lib/armv7-m\libg_nano.a(lib_a-mprec.o)
                0x0000317c                __lshift
 .text.__mcmp   0x0000321e       0x38 c:/program files (x86)/cypress/psoc creator/4.2/psoc creator/import/gnu/arm/5.4.1/bin/../lib/gcc/arm-none-eabi/5.4.1/../../../../arm-none-eabi/lib/armv7-m\libg_nano.a(lib_a-mprec.o)
                0x0000321e                __mcmp
 .text.__mdiff  0x00003256       0xbe c:/program files (x86)/cypress/psoc creator/4.2/psoc creator/import/gnu/arm/5.4.1/bin/../lib/gcc/arm-none-eabi/5.4.1/../../../../arm-none-eabi/lib/armv7-m\libg_nano.a(lib_a-mprec.o)
                0x00003256                __mdiff
 .text.__d2b    0x00003314       0x9c c:/program files (x86)/cypress/psoc creator/4.2/psoc creator/import/gnu/arm/5.4.1/bin/../lib/gcc/arm-none-eabi/5.4.1/../../../../arm-none-eabi/lib/armv7-m\libg_nano.a(lib_a-mprec.o)
                0x00003314                __d2b
 .text._calloc_r
                0x000033b0       0x1c c:/program files (x86)/cypress/psoc creator/4.2/psoc creator/import/gnu/arm/5.4.1/bin/../lib/gcc/arm-none-eabi/5.4.1/../../../../arm-none-eabi/lib/armv7-m\libg_nano.a(lib_a-nano-callocr.o)
                0x000033b0                _calloc_r
 .text._free_r  0x000033cc       0x98 c:/program files (x86)/cypress/psoc creator/4.2/psoc creator/import/gnu/arm/5.4.1/bin/../lib/gcc/arm-none-eabi/5.4.1/../../../../arm-none-eabi/lib/armv7-m\libg_nano.a(lib_a-nano-freer.o)
                0x000033cc                _free_r
 .text._malloc_r
                0x00003464       0xbc c:/program files (x86)/cypress/psoc creator/4.2/psoc creator/import/gnu/arm/5.4.1/bin/../lib/gcc/arm-none-eabi/5.4.1/../../../../arm-none-eabi/lib/armv7-m\libg_nano.a(lib_a-nano-mallocr.o)
                0x00003464                _malloc_r
 .text.__ssputs_r
                0x00003520       0xb2 c:/program files (x86)/cypress/psoc creator/4.2/psoc creator/import/gnu/arm/5.4.1/bin/../lib/gcc/arm-none-eabi/5.4.1/../../../../arm-none-eabi/lib/armv7-m\libg_nano.a(lib_a-nano-svfprintf.o)
                0x00003520                __ssputs_r
 *fill*         0x000035d2        0x2 
 .text._svfprintf_r
                0x000035d4      0x1e8 c:/program files (x86)/cypress/psoc creator/4.2/psoc creator/import/gnu/arm/5.4.1/bin/../lib/gcc/arm-none-eabi/5.4.1/../../../../arm-none-eabi/lib/armv7-m\libg_nano.a(lib_a-nano-svfprintf.o)
                0x000035d4                _svfiprintf_r
                0x000035d4                _svfprintf_r
 .text._sbrk_r  0x000037bc       0x20 c:/program files (x86)/cypress/psoc creator/4.2/psoc creator/import/gnu/arm/5.4.1/bin/../lib/gcc/arm-none-eabi/5.4.1/../../../../arm-none-eabi/lib/armv7-m\libg_nano.a(lib_a-sbrkr.o)
                0x000037bc                _sbrk_r
 .text.memmove  0x000037dc       0x36 c:/program files (x86)/cypress/psoc creator/4.2/psoc creator/import/gnu/arm/5.4.1/bin/../lib/gcc/arm-none-eabi/5.4.1/../../../../arm-none-eabi/lib/armv7-m\libg_nano.a(lib_a-memmove.o)
                0x000037dc                memmove
 .text.__malloc_lock
                0x00003812        0x2 c:/program files (x86)/cypress/psoc creator/4.2/psoc creator/import/gnu/arm/5.4.1/bin/../lib/gcc/arm-none-eabi/5.4.1/../../../../arm-none-eabi/lib/armv7-m\libg_nano.a(lib_a-mlock.o)
                0x00003812                __malloc_lock
 .text.__malloc_unlock
                0x00003814        0x2 c:/program files (x86)/cypress/psoc creator/4.2/psoc creator/import/gnu/arm/5.4.1/bin/../lib/gcc/arm-none-eabi/5.4.1/../../../../arm-none-eabi/lib/armv7-m\libg_nano.a(lib_a-mlock.o)
                0x00003814                __malloc_unlock
 .text._realloc_r
                0x00003816       0x4c c:/program files (x86)/cypress/psoc creator/4.2/psoc creator/import/gnu/arm/5.4.1/bin/../lib/gcc/arm-none-eabi/5.4.1/../../../../arm-none-eabi/lib/armv7-m\libg_nano.a(lib_a-nano-reallocr.o)
                0x00003816                _realloc_r
 .text._malloc_usable_size_r
                0x00003862       0x14 c:/program files (x86)/cypress/psoc creator/4.2/psoc creator/import/gnu/arm/5.4.1/bin/../lib/gcc/arm-none-eabi/5.4.1/../../../../arm-none-eabi/lib/armv7-m\libg_nano.a(lib_a-nano-msizer.o)
                0x00003862                _malloc_usable_size_r
 *fill*         0x00003876        0x2 
 .text          0x00003878      0x424 c:/program files (x86)/cypress/psoc creator/4.2/psoc creator/import/gnu/arm/5.4.1/bin/../lib/gcc/arm-none-eabi/5.4.1/armv7-m\libgcc.a(_arm_muldivdf3.o)
                0x00003878                __aeabi_dmul
                0x00003878                __muldf3
                0x00003acc                __divdf3
                0x00003acc                __aeabi_ddiv
 .text          0x00003c9c       0x2c c:/program files (x86)/cypress/psoc creator/4.2/psoc creator/import/gnu/arm/5.4.1/bin/../lib/gcc/arm-none-eabi/5.4.1/armv7-m\libgcc.a(_arm_unorddf2.o)
                0x00003c9c                __unorddf2
                0x00003c9c                __aeabi_dcmpun
 .text          0x00003cc8       0x50 c:/program files (x86)/cypress/psoc creator/4.2/psoc creator/import/gnu/arm/5.4.1/bin/../lib/gcc/arm-none-eabi/5.4.1/armv7-m\libgcc.a(_arm_fixdfsi.o)
                0x00003cc8                __aeabi_d2iz
                0x00003cc8                __fixdfsi
 *(.plt)
 *(.gnu.warning)
 *(.glue_7t)
 .glue_7t       0x00003d18        0x0 linker stubs
 *(.glue_7)
 .glue_7        0x00003d18        0x0 linker stubs
 *(.vfp11_veneer)
 .vfp11_veneer  0x00003d18        0x0 linker stubs
 *(.bootloader)
 *(.ARM.extab* .gnu.linkonce.armextab.*)
 *(.gcc_except_table)

.v4_bx          0x00003d18        0x0
 .v4_bx         0x00003d18        0x0 linker stubs

.iplt           0x00003d18        0x0
 .iplt          0x00003d18        0x0 c:/program files (x86)/cypress/psoc creator/4.2/psoc creator/import/gnu/arm/5.4.1/bin/../lib/gcc/arm-none-eabi/5.4.1/armv7-m/crtbegin.o

.eh_frame_hdr
 *(.eh_frame_hdr)

.eh_frame       0x00003d18        0x4
 *(.eh_frame)
 .eh_frame      0x00003d18        0x0 c:/program files (x86)/cypress/psoc creator/4.2/psoc creator/import/gnu/arm/5.4.1/bin/../lib/gcc/arm-none-eabi/5.4.1/armv7-m/crtbegin.o
 .eh_frame      0x00003d18        0x4 c:/program files (x86)/cypress/psoc creator/4.2/psoc creator/import/gnu/arm/5.4.1/bin/../lib/gcc/arm-none-eabi/5.4.1/armv7-m/crtend.o
                [!provide]                PROVIDE (__exidx_start, .)

.ARM.exidx
 *(.ARM.exidx* .gnu.linkonce.armexidx.*)
                0x00003d1c                __exidx_end = .

.rodata         0x00003d20      0x1e8
 *(.rodata .rodata.* .gnu.linkonce.r.*)
 .rodata.str1.4
                0x00003d20       0x14 .\CortexM3\ARM_GCC_541\Debug\main.o
                                 0x11 (size before relaxing)
 .rodata        0x00003d34       0x3c .\CortexM3\ARM_GCC_541\Debug\cyfitter_cfg.o
                0x00003d34                ADC_AMux__addrTable
                0x00003d3c                ADC_AMux__maskTable
 .rodata.str1.1
                0x00003d70        0x2 c:/program files (x86)/cypress/psoc creator/4.2/psoc creator/import/gnu/arm/5.4.1/bin/../lib/gcc/arm-none-eabi/5.4.1/../../../../arm-none-eabi/lib/armv7-m\libg_nano.a(lib_a-impure.o)
 .rodata.str1.1
                0x00003d72       0x12 c:/program files (x86)/cypress/psoc creator/4.2/psoc creator/import/gnu/arm/5.4.1/bin/../lib/gcc/arm-none-eabi/5.4.1/../../../../arm-none-eabi/lib/armv7-m\libg_nano.a(lib_a-nano-vfprintf_float.o)
 .rodata.str1.1
                0x00003d84       0x22 c:/program files (x86)/cypress/psoc creator/4.2/psoc creator/import/gnu/arm/5.4.1/bin/../lib/gcc/arm-none-eabi/5.4.1/../../../../arm-none-eabi/lib/armv7-m\libg_nano.a(lib_a-nano-vfprintf_i.o)
 .rodata.str1.1
                0x00003da6        0xd c:/program files (x86)/cypress/psoc creator/4.2/psoc creator/import/gnu/arm/5.4.1/bin/../lib/gcc/arm-none-eabi/5.4.1/../../../../arm-none-eabi/lib/armv7-m\libg_nano.a(lib_a-dtoa.o)
                                  0xf (size before relaxing)
 .rodata.str1.1
                0x00003db3        0x8 c:/program files (x86)/cypress/psoc creator/4.2/psoc creator/import/gnu/arm/5.4.1/bin/../lib/gcc/arm-none-eabi/5.4.1/../../../../arm-none-eabi/lib/armv7-m\libg_nano.a(lib_a-locale.o)
                                  0xb (size before relaxing)
 *fill*         0x00003dbb        0x5 
 .rodata.__mprec_tens
                0x00003dc0       0xc8 c:/program files (x86)/cypress/psoc creator/4.2/psoc creator/import/gnu/arm/5.4.1/bin/../lib/gcc/arm-none-eabi/5.4.1/../../../../arm-none-eabi/lib/armv7-m\libg_nano.a(lib_a-mprec.o)
                0x00003dc0                __mprec_tens
 .rodata.p05.5408
                0x00003e88        0xc c:/program files (x86)/cypress/psoc creator/4.2/psoc creator/import/gnu/arm/5.4.1/bin/../lib/gcc/arm-none-eabi/5.4.1/../../../../arm-none-eabi/lib/armv7-m\libg_nano.a(lib_a-mprec.o)
 *fill*         0x00003e94        0x4 
 .rodata.__mprec_bigtens
                0x00003e98       0x28 c:/program files (x86)/cypress/psoc creator/4.2/psoc creator/import/gnu/arm/5.4.1/bin/../lib/gcc/arm-none-eabi/5.4.1/../../../../arm-none-eabi/lib/armv7-m\libg_nano.a(lib_a-mprec.o)
                0x00003e98                __mprec_bigtens
 .rodata.str1.1
                0x00003ec0       0x11 c:/program files (x86)/cypress/psoc creator/4.2/psoc creator/import/gnu/arm/5.4.1/bin/../lib/gcc/arm-none-eabi/5.4.1/../../../../arm-none-eabi/lib/armv7-m\libg_nano.a(lib_a-nano-svfprintf.o)
                0x00003ed4                . = ALIGN (0x4)
 *fill*         0x00003ed1        0x3 
 *(.init)
 .init          0x00003ed4        0x4 c:/program files (x86)/cypress/psoc creator/4.2/psoc creator/import/gnu/arm/5.4.1/bin/../lib/gcc/arm-none-eabi/5.4.1/armv7-m/crti.o
                0x00003ed4                _init
 .init          0x00003ed8        0x8 c:/program files (x86)/cypress/psoc creator/4.2/psoc creator/import/gnu/arm/5.4.1/bin/../lib/gcc/arm-none-eabi/5.4.1/armv7-m/crtn.o
                0x00003ee0                . = ALIGN (0x4)
                0x00003ee0                __preinit_array_start = .
 *(.preinit_array)
                0x00003ee0                __preinit_array_end = .
                0x00003ee0                . = ALIGN (0x4)
                0x00003ee0                __init_array_start = .
 *(SORT(.init_array.*))
 *(.init_array)
 .init_array    0x00003ee0        0x4 c:/program files (x86)/cypress/psoc creator/4.2/psoc creator/import/gnu/arm/5.4.1/bin/../lib/gcc/arm-none-eabi/5.4.1/armv7-m/crtbegin.o
 .init_array    0x00003ee4        0x4 .\CortexM3\ARM_GCC_541\Debug\Cm3Start.o
                0x00003ee8                __init_array_end = .
                0x00003ee8                . = ALIGN (0x4)
 *(.fini)
 .fini          0x00003ee8        0x4 c:/program files (x86)/cypress/psoc creator/4.2/psoc creator/import/gnu/arm/5.4.1/bin/../lib/gcc/arm-none-eabi/5.4.1/armv7-m/crti.o
                0x00003ee8                _fini
 .fini          0x00003eec        0x8 c:/program files (x86)/cypress/psoc creator/4.2/psoc creator/import/gnu/arm/5.4.1/bin/../lib/gcc/arm-none-eabi/5.4.1/armv7-m/crtn.o
                0x00003ef4                . = ALIGN (0x4)
                0x00003ef4                __fini_array_start = .
 *(.fini_array)
 .fini_array    0x00003ef4        0x4 c:/program files (x86)/cypress/psoc creator/4.2/psoc creator/import/gnu/arm/5.4.1/bin/../lib/gcc/arm-none-eabi/5.4.1/armv7-m/crtbegin.o
 *(SORT(.fini_array.*))
                0x00003ef8                __fini_array_end = .
                0x00003ef8                . = ALIGN (0x4)
 *crtbegin.o(.ctors)
 *(EXCLUDE_FILE(*crtend.o) .ctors)
 *(SORT(.ctors.*))
 *crtend.o(.ctors)
                0x00003ef8                . = ALIGN (0x4)
 *crtbegin.o(.dtors)
 *(EXCLUDE_FILE(*crtend.o) .dtors)
 *(SORT(.dtors.*))
 *crtend.o(.dtors)
                0x00003ef8                . = ALIGN (0x4)
                0x00003ef8                __cy_regions = .
                0x00003ef8        0x4 LONG 0x3f08 __cy_region_init_ram
                0x00003efc        0x4 LONG 0x1fff80c8 __cy_region_start_data
                0x00003f00        0x4 LONG 0xb8 __cy_region_init_size_ram
                0x00003f04        0x4 LONG 0x50 __cy_region_zero_size_ram
                0x00003f08                __cy_regions_end = .
                0x00003f08                . = ALIGN (0x8)
                0x00003f08                _etext = .

.cy_checksum_exclude
                0x00003f08        0x0
 *(.cy_checksum_exclude)

.ramvectors     0x1fff8000       0xc0
                0x1fff8000                __cy_region_start_ram = .
 *(.ramvectors)
 .ramvectors    0x1fff8000       0xc0 .\CortexM3\ARM_GCC_541\Debug\Cm3Start.o
                0x1fff8000                CyRamVectors

.noinit         0x1fff80c0        0x1
 *(.noinit)
 .noinit        0x1fff80c0        0x1 .\CortexM3\ARM_GCC_541\Debug\ADC_sharp.a(CyLib.o)
                0x1fff80c0                CyResetStatus

.data           0x1fff80c8       0xb8 load address 0x00003f08
                0x1fff80c8                __cy_region_start_data = .
 *(.jcr)
 .jcr           0x1fff80c8        0x0 c:/program files (x86)/cypress/psoc creator/4.2/psoc creator/import/gnu/arm/5.4.1/bin/../lib/gcc/arm-none-eabi/5.4.1/armv7-m/crtbegin.o
 .jcr           0x1fff80c8        0x4 c:/program files (x86)/cypress/psoc creator/4.2/psoc creator/import/gnu/arm/5.4.1/bin/../lib/gcc/arm-none-eabi/5.4.1/armv7-m/crtend.o
 *(.got.plt)
 *(.got)
 *(.shdata)
 *(.data .data.* .gnu.linkonce.d.*)
 .data          0x1fff80cc        0x4 .\CortexM3\ARM_GCC_541\Debug\Cm3Start.o
 .data          0x1fff80d0        0x1 .\CortexM3\ARM_GCC_541\Debug\ADC_sharp.a(ADC.o)
                0x1fff80d0                ADC_Config
 .data          0x1fff80d1        0x1 .\CortexM3\ARM_GCC_541\Debug\ADC_sharp.a(ADC_AMux.o)
 *fill*         0x1fff80d2        0x2 
 .data          0x1fff80d4       0x10 .\CortexM3\ARM_GCC_541\Debug\ADC_sharp.a(CyLib.o)
                0x1fff80d4                cydelay_32k_ms
                0x1fff80d8                cydelay_freq_khz
                0x1fff80dc                cydelay_freq_mhz
                0x1fff80e0                cydelay_freq_hz
 .data.impure_data
                0x1fff80e4       0x60 c:/program files (x86)/cypress/psoc creator/4.2/psoc creator/import/gnu/arm/5.4.1/bin/../lib/gcc/arm-none-eabi/5.4.1/../../../../arm-none-eabi/lib/armv7-m\libg_nano.a(lib_a-impure.o)
 .data._impure_ptr
                0x1fff8144        0x4 c:/program files (x86)/cypress/psoc creator/4.2/psoc creator/import/gnu/arm/5.4.1/bin/../lib/gcc/arm-none-eabi/5.4.1/../../../../arm-none-eabi/lib/armv7-m\libg_nano.a(lib_a-impure.o)
                0x1fff8144                _impure_ptr
 .data.lconv    0x1fff8148       0x38 c:/program files (x86)/cypress/psoc creator/4.2/psoc creator/import/gnu/arm/5.4.1/bin/../lib/gcc/arm-none-eabi/5.4.1/../../../../arm-none-eabi/lib/armv7-m\libg_nano.a(lib_a-locale.o)
                0x1fff8180                . = ALIGN (0x8)
 *(.ram)
                0x1fff8180                _edata = .

.igot.plt       0x1fff8180        0x0 load address 0x00003fc0
 .igot.plt      0x1fff8180        0x0 c:/program files (x86)/cypress/psoc creator/4.2/psoc creator/import/gnu/arm/5.4.1/bin/../lib/gcc/arm-none-eabi/5.4.1/armv7-m/crtbegin.o

.bss            0x1fff8180       0x50 load address 0x00003fc0
                0x1fff8180                PROVIDE (__bss_start__, .)
 *(.shbss)
 *(.bss .bss.* .gnu.linkonce.b.*)
 .bss           0x1fff8180       0x1c c:/program files (x86)/cypress/psoc creator/4.2/psoc creator/import/gnu/arm/5.4.1/bin/../lib/gcc/arm-none-eabi/5.4.1/armv7-m/crtbegin.o
 .bss           0x1fff819c        0xc .\CortexM3\ARM_GCC_541\Debug\ADC_sharp.a(ADC.o)
                0x1fff81a0                ADC_stopConversion
                0x1fff81a1                ADC_convDone
                0x1fff81a2                ADC_initVar
                0x1fff81a3                ADC_started
                0x1fff81a4                ADC_Offset
 .bss           0x1fff81a8        0x1 .\CortexM3\ARM_GCC_541\Debug\ADC_sharp.a(Opamp.o)
                0x1fff81a8                Opamp_initVar
 .bss           0x1fff81a9        0x2 .\CortexM3\ARM_GCC_541\Debug\ADC_sharp.a(LCD.o)
                0x1fff81a9                LCD_enableState
                0x1fff81aa                LCD_initVar
 *fill*         0x1fff81ab        0x1 
 .bss.__malloc_sbrk_start
                0x1fff81ac        0x4 c:/program files (x86)/cypress/psoc creator/4.2/psoc creator/import/gnu/arm/5.4.1/bin/../lib/gcc/arm-none-eabi/5.4.1/../../../../arm-none-eabi/lib/armv7-m\libg_nano.a(lib_a-nano-mallocr.o)
                0x1fff81ac                __malloc_sbrk_start
 .bss.__malloc_free_list
                0x1fff81b0        0x4 c:/program files (x86)/cypress/psoc creator/4.2/psoc creator/import/gnu/arm/5.4.1/bin/../lib/gcc/arm-none-eabi/5.4.1/../../../../arm-none-eabi/lib/armv7-m\libg_nano.a(lib_a-nano-mallocr.o)
                0x1fff81b0                __malloc_free_list
 *(COMMON)
 COMMON         0x1fff81b4       0x14 .\CortexM3\ARM_GCC_541\Debug\main.o
                0x1fff81b4                sensor
                0x1fff81b8                salida
                0x1fff81c4                numS
 COMMON         0x1fff81c8        0x4 .\CortexM3\ARM_GCC_541\Debug\ADC_sharp.a(ADC.o)
                0x1fff81c8                ADC_CountsPerVolt
 COMMON         0x1fff81cc        0x4 c:/program files (x86)/cypress/psoc creator/4.2/psoc creator/import/gnu/arm/5.4.1/bin/../lib/gcc/arm-none-eabi/5.4.1/../../../../arm-none-eabi/lib/armv7-m\libg_nano.a(lib_a-reent.o)
                0x1fff81cc                errno
                0x1fff81d0                . = ALIGN (0x8)
 *(.ram.b)
                0x1fff81d0                _end = .
                0x1fff81d0                __end = .
                0x1fff81d0                PROVIDE (end, .)
                0x1fff81d0                PROVIDE (__bss_end__, .)
                0x00003f08                __cy_region_init_ram = LOADADDR (.data)
                0x000000b8                __cy_region_init_size_ram = (_edata - ADDR (.data))
                0x00000050                __cy_region_zero_size_ram = (_end - _edata)

.heap           0x1fff81d0      0x200 load address 0x00003fc0
                0x1fff81d0                . = _end
                0x1fff83d0                . = (. + 0x200)
 *fill*         0x1fff81d0      0x200 
                0x1fff83d0                __cy_heap_limit = .

.stack          0x20007800      0x800
                0x20007800                __cy_stack_limit = .
                0x20008000                . = (. + 0x800)
 *fill*         0x20007800      0x800 
                0x00000001                ASSERT ((__cy_stack_limit >= __cy_heap_limit), region RAM overflowed with stack)
                0x00000000                cy_checksum_exclude_size = (CY_APPL_LOADABLE == 0x1)?SIZEOF (.cy_checksum_exclude):0x0
                0x00000001                ASSERT ((cy_checksum_exclude_size <= CY_CHECKSUM_EXCLUDE_SIZE), CY_BOOT: Section .cy_checksum_exclude size exceedes specified limit.)

.cyloadermeta
 *(.cyloadermeta)

.cyloadablemeta
 *(.cyloadablemeta)

.cyconfigecc    0x80000000       0xcc
 *(.cyconfigecc)
 .cyconfigecc   0x80000000       0xcc .\CortexM3\ARM_GCC_541\Debug\cymetadata.o
                0x80000000                cy_meta_configecc

.cycustnvl      0x90000000        0x4
 *(.cycustnvl)
 .cycustnvl     0x90000000        0x4 .\CortexM3\ARM_GCC_541\Debug\cymetadata.o
                0x90000000                cy_meta_custnvl

.cywolatch      0x90100000        0x4
 *(.cywolatch)
 .cywolatch     0x90100000        0x4 .\CortexM3\ARM_GCC_541\Debug\cymetadata.o
                0x90100000                cy_meta_wonvl

.cyeeprom       0x90200000        0x0
 *(.cyeeprom)
                0x00000001                ASSERT ((. <= ((0x90200000 + ee_offset) + ee_size)), .cyeeprom data will not fit in EEPROM)

.cyflashprotect
                0x90400000      0x100
 *(.cyflashprotect)
 .cyflashprotect
                0x90400000      0x100 .\CortexM3\ARM_GCC_541\Debug\cymetadata.o
                0x90400000                cy_meta_flashprotect

.cymeta         0x90500000        0xc
 *(.cymeta)
 .cymeta        0x90500000        0xc .\CortexM3\ARM_GCC_541\Debug\cymetadata.o
                0x90500000                cy_metadata

.rel.dyn        0x00003fc0        0x0 load address 0x9050000c
 .rel.iplt      0x00003fc0        0x0 c:/program files (x86)/cypress/psoc creator/4.2/psoc creator/import/gnu/arm/5.4.1/bin/../lib/gcc/arm-none-eabi/5.4.1/armv7-m/crtbegin.o

.stab
 *(.stab)

.stabstr
 *(.stabstr)

.debug
 *(.debug)

.line
 *(.line)

.debug_srcinfo
 *(.debug_srcinfo)

.debug_sfnames
 *(.debug_sfnames)

.debug_aranges  0x00000000      0x858
 *(.debug_aranges)
 .debug_aranges
                0x00000000       0x20 .\CortexM3\ARM_GCC_541\Debug\main.o
 .debug_aranges
                0x00000020       0x68 .\CortexM3\ARM_GCC_541\Debug\cyfitter_cfg.o
 .debug_aranges
                0x00000088       0x18 .\CortexM3\ARM_GCC_541\Debug\cymetadata.o
 .debug_aranges
                0x000000a0       0x48 .\CortexM3\ARM_GCC_541\Debug\Cm3Start.o
 .debug_aranges
                0x000000e8       0xe8 .\CortexM3\ARM_GCC_541\Debug\ADC_sharp.a(ADC.o)
 .debug_aranges
                0x000001d0       0x38 .\CortexM3\ARM_GCC_541\Debug\ADC_sharp.a(ADC_INT.o)
 .debug_aranges
                0x00000208       0x40 .\CortexM3\ARM_GCC_541\Debug\ADC_sharp.a(Opamp.o)
 .debug_aranges
                0x00000248       0x90 .\CortexM3\ARM_GCC_541\Debug\ADC_sharp.a(LCD.o)
 .debug_aranges
                0x000002d8       0x30 .\CortexM3\ARM_GCC_541\Debug\ADC_sharp.a(ADC_AMux.o)
 .debug_aranges
                0x00000308       0x70 .\CortexM3\ARM_GCC_541\Debug\ADC_sharp.a(ADC_Ext_CP_Clk.o)
 .debug_aranges
                0x00000378       0x80 .\CortexM3\ARM_GCC_541\Debug\ADC_sharp.a(ADC_theACLK.o)
 .debug_aranges
                0x000003f8      0x2a0 .\CortexM3\ARM_GCC_541\Debug\ADC_sharp.a(CyLib.o)
 .debug_aranges
                0x00000698       0x98 .\CortexM3\ARM_GCC_541\Debug\ADC_sharp.a(cyPm.o)
 .debug_aranges
                0x00000730       0x20 .\CortexM3\ARM_GCC_541\Debug\ADC_sharp.a(CyBootAsmGnu.o)
 .debug_aranges
                0x00000750       0x88 .\CortexM3\ARM_GCC_541\Debug\ADC_sharp.a(CyFlash.o)
 .debug_aranges
                0x000007d8       0x80 .\CortexM3\ARM_GCC_541\Debug\ADC_sharp.a(CySpc.o)

.debug_pubnames
 *(.debug_pubnames)

.debug_info     0x00000000     0x5032
 *(.debug_info .gnu.linkonce.wi.*)
 .debug_info    0x00000000      0x25e .\CortexM3\ARM_GCC_541\Debug\main.o
 .debug_info    0x0000025e      0x59b .\CortexM3\ARM_GCC_541\Debug\cyfitter_cfg.o
 .debug_info    0x000007f9      0x134 .\CortexM3\ARM_GCC_541\Debug\cymetadata.o
 .debug_info    0x0000092d      0x3bb .\CortexM3\ARM_GCC_541\Debug\Cm3Start.o
 .debug_info    0x00000ce8      0xa1d .\CortexM3\ARM_GCC_541\Debug\ADC_sharp.a(ADC.o)
 .debug_info    0x00001705       0xd3 .\CortexM3\ARM_GCC_541\Debug\ADC_sharp.a(ADC_INT.o)
 .debug_info    0x000017d8      0x151 .\CortexM3\ARM_GCC_541\Debug\ADC_sharp.a(Opamp.o)
 .debug_info    0x00001929      0x695 .\CortexM3\ARM_GCC_541\Debug\ADC_sharp.a(LCD.o)
 .debug_info    0x00001fbe      0x165 .\CortexM3\ARM_GCC_541\Debug\ADC_sharp.a(ADC_AMux.o)
 .debug_info    0x00002123      0x283 .\CortexM3\ARM_GCC_541\Debug\ADC_sharp.a(ADC_Ext_CP_Clk.o)
 .debug_info    0x000023a6      0x2c4 .\CortexM3\ARM_GCC_541\Debug\ADC_sharp.a(ADC_theACLK.o)
 .debug_info    0x0000266a     0x1374 .\CortexM3\ARM_GCC_541\Debug\ADC_sharp.a(CyLib.o)
 .debug_info    0x000039de      0xa2a .\CortexM3\ARM_GCC_541\Debug\ADC_sharp.a(cyPm.o)
 .debug_info    0x00004408       0x8d .\CortexM3\ARM_GCC_541\Debug\ADC_sharp.a(CyBootAsmGnu.o)
 .debug_info    0x00004495      0x64d .\CortexM3\ARM_GCC_541\Debug\ADC_sharp.a(CyFlash.o)
 .debug_info    0x00004ae2      0x550 .\CortexM3\ARM_GCC_541\Debug\ADC_sharp.a(CySpc.o)

.debug_abbrev   0x00000000     0x13b2
 *(.debug_abbrev)
 .debug_abbrev  0x00000000       0xde .\CortexM3\ARM_GCC_541\Debug\main.o
 .debug_abbrev  0x000000de      0x21e .\CortexM3\ARM_GCC_541\Debug\cyfitter_cfg.o
 .debug_abbrev  0x000002fc       0x5d .\CortexM3\ARM_GCC_541\Debug\cymetadata.o
 .debug_abbrev  0x00000359      0x1e8 .\CortexM3\ARM_GCC_541\Debug\Cm3Start.o
 .debug_abbrev  0x00000541      0x1cd .\CortexM3\ARM_GCC_541\Debug\ADC_sharp.a(ADC.o)
 .debug_abbrev  0x0000070e       0x42 .\CortexM3\ARM_GCC_541\Debug\ADC_sharp.a(ADC_INT.o)
 .debug_abbrev  0x00000750       0xb2 .\CortexM3\ARM_GCC_541\Debug\ADC_sharp.a(Opamp.o)
 .debug_abbrev  0x00000802      0x157 .\CortexM3\ARM_GCC_541\Debug\ADC_sharp.a(LCD.o)
 .debug_abbrev  0x00000959       0xb1 .\CortexM3\ARM_GCC_541\Debug\ADC_sharp.a(ADC_AMux.o)
 .debug_abbrev  0x00000a0a      0x139 .\CortexM3\ARM_GCC_541\Debug\ADC_sharp.a(ADC_Ext_CP_Clk.o)
 .debug_abbrev  0x00000b43      0x121 .\CortexM3\ARM_GCC_541\Debug\ADC_sharp.a(ADC_theACLK.o)
 .debug_abbrev  0x00000c64      0x254 .\CortexM3\ARM_GCC_541\Debug\ADC_sharp.a(CyLib.o)
 .debug_abbrev  0x00000eb8      0x1ab .\CortexM3\ARM_GCC_541\Debug\ADC_sharp.a(cyPm.o)
 .debug_abbrev  0x00001063       0x14 .\CortexM3\ARM_GCC_541\Debug\ADC_sharp.a(CyBootAsmGnu.o)
 .debug_abbrev  0x00001077      0x1a7 .\CortexM3\ARM_GCC_541\Debug\ADC_sharp.a(CyFlash.o)
 .debug_abbrev  0x0000121e      0x194 .\CortexM3\ARM_GCC_541\Debug\ADC_sharp.a(CySpc.o)

.debug_line     0x00000000     0x21e6
 *(.debug_line)
 .debug_line    0x00000000      0x228 .\CortexM3\ARM_GCC_541\Debug\main.o
 .debug_line    0x00000228      0x205 .\CortexM3\ARM_GCC_541\Debug\cyfitter_cfg.o
 .debug_line    0x0000042d      0x141 .\CortexM3\ARM_GCC_541\Debug\cymetadata.o
 .debug_line    0x0000056e      0x234 .\CortexM3\ARM_GCC_541\Debug\Cm3Start.o
 .debug_line    0x000007a2      0x364 .\CortexM3\ARM_GCC_541\Debug\ADC_sharp.a(ADC.o)
 .debug_line    0x00000b06       0x80 .\CortexM3\ARM_GCC_541\Debug\ADC_sharp.a(ADC_INT.o)
 .debug_line    0x00000b86       0xa8 .\CortexM3\ARM_GCC_541\Debug\ADC_sharp.a(Opamp.o)
 .debug_line    0x00000c2e      0x195 .\CortexM3\ARM_GCC_541\Debug\ADC_sharp.a(LCD.o)
 .debug_line    0x00000dc3       0xac .\CortexM3\ARM_GCC_541\Debug\ADC_sharp.a(ADC_AMux.o)
 .debug_line    0x00000e6f      0x17d .\CortexM3\ARM_GCC_541\Debug\ADC_sharp.a(ADC_Ext_CP_Clk.o)
 .debug_line    0x00000fec      0x19d .\CortexM3\ARM_GCC_541\Debug\ADC_sharp.a(ADC_theACLK.o)
 .debug_line    0x00001189      0x816 .\CortexM3\ARM_GCC_541\Debug\ADC_sharp.a(CyLib.o)
 .debug_line    0x0000199f      0x367 .\CortexM3\ARM_GCC_541\Debug\ADC_sharp.a(cyPm.o)
 .debug_line    0x00001d06       0x66 .\CortexM3\ARM_GCC_541\Debug\ADC_sharp.a(CyBootAsmGnu.o)
 .debug_line    0x00001d6c      0x21a .\CortexM3\ARM_GCC_541\Debug\ADC_sharp.a(CyFlash.o)
 .debug_line    0x00001f86      0x260 .\CortexM3\ARM_GCC_541\Debug\ADC_sharp.a(CySpc.o)

.debug_frame    0x00000000     0x1db0
 *(.debug_frame)
 .debug_frame   0x00000000       0x2c .\CortexM3\ARM_GCC_541\Debug\main.o
 .debug_frame   0x0000002c      0x104 .\CortexM3\ARM_GCC_541\Debug\cyfitter_cfg.o
 .debug_frame   0x00000130       0xb8 .\CortexM3\ARM_GCC_541\Debug\Cm3Start.o
 .debug_frame   0x000001e8      0x290 .\CortexM3\ARM_GCC_541\Debug\ADC_sharp.a(ADC.o)
 .debug_frame   0x00000478       0x50 .\CortexM3\ARM_GCC_541\Debug\ADC_sharp.a(ADC_INT.o)
 .debug_frame   0x000004c8       0x78 .\CortexM3\ARM_GCC_541\Debug\ADC_sharp.a(Opamp.o)
 .debug_frame   0x00000540      0x1c4 .\CortexM3\ARM_GCC_541\Debug\ADC_sharp.a(LCD.o)
 .debug_frame   0x00000704       0x64 .\CortexM3\ARM_GCC_541\Debug\ADC_sharp.a(ADC_AMux.o)
 .debug_frame   0x00000768       0xe0 .\CortexM3\ARM_GCC_541\Debug\ADC_sharp.a(ADC_Ext_CP_Clk.o)
 .debug_frame   0x00000848      0x100 .\CortexM3\ARM_GCC_541\Debug\ADC_sharp.a(ADC_theACLK.o)
 .debug_frame   0x00000948      0x738 .\CortexM3\ARM_GCC_541\Debug\ADC_sharp.a(CyLib.o)
 .debug_frame   0x00001080      0x1f8 .\CortexM3\ARM_GCC_541\Debug\ADC_sharp.a(cyPm.o)
 .debug_frame   0x00001278      0x194 .\CortexM3\ARM_GCC_541\Debug\ADC_sharp.a(CyFlash.o)
 .debug_frame   0x0000140c      0x180 .\CortexM3\ARM_GCC_541\Debug\ADC_sharp.a(CySpc.o)
 .debug_frame   0x0000158c       0x20 c:/program files (x86)/cypress/psoc creator/4.2/psoc creator/import/gnu/arm/5.4.1/bin/../lib/gcc/arm-none-eabi/5.4.1/../../../../arm-none-eabi/lib/armv7-m\libg_nano.a(lib_a-errno.o)
 .debug_frame   0x000015ac       0x28 c:/program files (x86)/cypress/psoc creator/4.2/psoc creator/import/gnu/arm/5.4.1/bin/../lib/gcc/arm-none-eabi/5.4.1/../../../../arm-none-eabi/lib/armv7-m\libg_nano.a(lib_a-exit.o)
 .debug_frame   0x000015d4       0x2c c:/program files (x86)/cypress/psoc creator/4.2/psoc creator/import/gnu/arm/5.4.1/bin/../lib/gcc/arm-none-eabi/5.4.1/../../../../arm-none-eabi/lib/armv7-m\libg_nano.a(lib_a-init.o)
 .debug_frame   0x00001600       0x28 c:/program files (x86)/cypress/psoc creator/4.2/psoc creator/import/gnu/arm/5.4.1/bin/../lib/gcc/arm-none-eabi/5.4.1/../../../../arm-none-eabi/lib/armv7-m\libg_nano.a(lib_a-memcpy-stub.o)
 .debug_frame   0x00001628       0x20 c:/program files (x86)/cypress/psoc creator/4.2/psoc creator/import/gnu/arm/5.4.1/bin/../lib/gcc/arm-none-eabi/5.4.1/../../../../arm-none-eabi/lib/armv7-m\libg_nano.a(lib_a-memset.o)
 .debug_frame   0x00001648       0x8c c:/program files (x86)/cypress/psoc creator/4.2/psoc creator/import/gnu/arm/5.4.1/bin/../lib/gcc/arm-none-eabi/5.4.1/../../../../arm-none-eabi/lib/armv7-m\libg_nano.a(lib_a-nano-vfprintf_float.o)
 .debug_frame   0x000016d4       0x60 c:/program files (x86)/cypress/psoc creator/4.2/psoc creator/import/gnu/arm/5.4.1/bin/../lib/gcc/arm-none-eabi/5.4.1/../../../../arm-none-eabi/lib/armv7-m\libg_nano.a(lib_a-nano-vfprintf_i.o)
 .debug_frame   0x00001734       0x70 c:/program files (x86)/cypress/psoc creator/4.2/psoc creator/import/gnu/arm/5.4.1/bin/../lib/gcc/arm-none-eabi/5.4.1/../../../../arm-none-eabi/lib/armv7-m\libg_nano.a(lib_a-sprintf.o)
 .debug_frame   0x000017a4       0x6c c:/program files (x86)/cypress/psoc creator/4.2/psoc creator/import/gnu/arm/5.4.1/bin/../lib/gcc/arm-none-eabi/5.4.1/../../../../arm-none-eabi/lib/armv7-m\libg_nano.a(lib_a-dtoa.o)
 .debug_frame   0x00001810       0x98 c:/program files (x86)/cypress/psoc creator/4.2/psoc creator/import/gnu/arm/5.4.1/bin/../lib/gcc/arm-none-eabi/5.4.1/../../../../arm-none-eabi/lib/armv7-m\libg_nano.a(lib_a-locale.o)
 .debug_frame   0x000018a8       0x30 c:/program files (x86)/cypress/psoc creator/4.2/psoc creator/import/gnu/arm/5.4.1/bin/../lib/gcc/arm-none-eabi/5.4.1/../../../../arm-none-eabi/lib/armv7-m\libg_nano.a(lib_a-malloc.o)
 .debug_frame   0x000018d8       0x28 c:/program files (x86)/cypress/psoc creator/4.2/psoc creator/import/gnu/arm/5.4.1/bin/../lib/gcc/arm-none-eabi/5.4.1/../../../../arm-none-eabi/lib/armv7-m\libg_nano.a(lib_a-memchr-stub.o)
 .debug_frame   0x00001900      0x234 c:/program files (x86)/cypress/psoc creator/4.2/psoc creator/import/gnu/arm/5.4.1/bin/../lib/gcc/arm-none-eabi/5.4.1/../../../../arm-none-eabi/lib/armv7-m\libg_nano.a(lib_a-mprec.o)
 .debug_frame   0x00001b34       0x2c c:/program files (x86)/cypress/psoc creator/4.2/psoc creator/import/gnu/arm/5.4.1/bin/../lib/gcc/arm-none-eabi/5.4.1/../../../../arm-none-eabi/lib/armv7-m\libg_nano.a(lib_a-nano-callocr.o)
 .debug_frame   0x00001b60       0x38 c:/program files (x86)/cypress/psoc creator/4.2/psoc creator/import/gnu/arm/5.4.1/bin/../lib/gcc/arm-none-eabi/5.4.1/../../../../arm-none-eabi/lib/armv7-m\libg_nano.a(lib_a-nano-freer.o)
 .debug_frame   0x00001b98       0x2c c:/program files (x86)/cypress/psoc creator/4.2/psoc creator/import/gnu/arm/5.4.1/bin/../lib/gcc/arm-none-eabi/5.4.1/../../../../arm-none-eabi/lib/armv7-m\libg_nano.a(lib_a-nano-mallocr.o)
 .debug_frame   0x00001bc4       0x90 c:/program files (x86)/cypress/psoc creator/4.2/psoc creator/import/gnu/arm/5.4.1/bin/../lib/gcc/arm-none-eabi/5.4.1/../../../../arm-none-eabi/lib/armv7-m\libg_nano.a(lib_a-nano-svfprintf.o)
 .debug_frame   0x00001c54       0x2c c:/program files (x86)/cypress/psoc creator/4.2/psoc creator/import/gnu/arm/5.4.1/bin/../lib/gcc/arm-none-eabi/5.4.1/../../../../arm-none-eabi/lib/armv7-m\libg_nano.a(lib_a-sbrkr.o)
 .debug_frame   0x00001c80       0x20 c:/program files (x86)/cypress/psoc creator/4.2/psoc creator/import/gnu/arm/5.4.1/bin/../lib/gcc/arm-none-eabi/5.4.1/../../../../arm-none-eabi/lib/armv7-m\libg_nano.a(lib_a-strcmp.o)
 .debug_frame   0x00001ca0       0x28 c:/program files (x86)/cypress/psoc creator/4.2/psoc creator/import/gnu/arm/5.4.1/bin/../lib/gcc/arm-none-eabi/5.4.1/../../../../arm-none-eabi/lib/armv7-m\libg_nano.a(lib_a-memmove.o)
 .debug_frame   0x00001cc8       0x30 c:/program files (x86)/cypress/psoc creator/4.2/psoc creator/import/gnu/arm/5.4.1/bin/../lib/gcc/arm-none-eabi/5.4.1/../../../../arm-none-eabi/lib/armv7-m\libg_nano.a(lib_a-mlock.o)
 .debug_frame   0x00001cf8       0x3c c:/program files (x86)/cypress/psoc creator/4.2/psoc creator/import/gnu/arm/5.4.1/bin/../lib/gcc/arm-none-eabi/5.4.1/../../../../arm-none-eabi/lib/armv7-m\libg_nano.a(lib_a-nano-reallocr.o)
 .debug_frame   0x00001d34       0x5c c:/program files (x86)/cypress/psoc creator/4.2/psoc creator/import/gnu/arm/5.4.1/bin/../lib/gcc/arm-none-eabi/5.4.1/../../../../arm-none-eabi/lib/armv7-m\libg_nano.a(lib_a-reent.o)
 .debug_frame   0x00001d90       0x20 c:/program files (x86)/cypress/psoc creator/4.2/psoc creator/import/gnu/arm/5.4.1/bin/../lib/gcc/arm-none-eabi/5.4.1/../../../../arm-none-eabi/lib/armv7-m\libg_nano.a(lib_a-nano-msizer.o)

.debug_str      0x00000000     0x1bd9
 *(.debug_str)
 .debug_str     0x00000000      0x20b .\CortexM3\ARM_GCC_541\Debug\main.o
                                0x259 (size before relaxing)
 .debug_str     0x0000020b      0x1d3 .\CortexM3\ARM_GCC_541\Debug\cyfitter_cfg.o
                                0x358 (size before relaxing)
 .debug_str     0x000003de       0x7f .\CortexM3\ARM_GCC_541\Debug\cymetadata.o
                                0x1e1 (size before relaxing)
 .debug_str     0x0000045d      0x144 .\CortexM3\ARM_GCC_541\Debug\Cm3Start.o
                                0x307 (size before relaxing)
 .debug_str     0x000005a1      0x37b .\CortexM3\ARM_GCC_541\Debug\ADC_sharp.a(ADC.o)
                                0x5c6 (size before relaxing)
 .debug_str     0x0000091c       0x45 .\CortexM3\ARM_GCC_541\Debug\ADC_sharp.a(ADC_INT.o)
                                0x1bd (size before relaxing)
 .debug_str     0x00000961       0x65 .\CortexM3\ARM_GCC_541\Debug\ADC_sharp.a(Opamp.o)
                                0x1f4 (size before relaxing)
 .debug_str     0x000009c6      0x146 .\CortexM3\ARM_GCC_541\Debug\ADC_sharp.a(LCD.o)
                                0x307 (size before relaxing)
 .debug_str     0x00000b0c       0x5f .\CortexM3\ARM_GCC_541\Debug\ADC_sharp.a(ADC_AMux.o)
                                0x1fc (size before relaxing)
 .debug_str     0x00000b6b      0x173 .\CortexM3\ARM_GCC_541\Debug\ADC_sharp.a(ADC_Ext_CP_Clk.o)
                                0x33f (size before relaxing)
 .debug_str     0x00000cde      0x14f .\CortexM3\ARM_GCC_541\Debug\ADC_sharp.a(ADC_theACLK.o)
                                0x35e (size before relaxing)
 .debug_str     0x00000e2d      0x7e0 .\CortexM3\ARM_GCC_541\Debug\ADC_sharp.a(CyLib.o)
                                0xa44 (size before relaxing)
 .debug_str     0x0000160d      0x365 .\CortexM3\ARM_GCC_541\Debug\ADC_sharp.a(cyPm.o)
                                0x730 (size before relaxing)
 .debug_str     0x00001972      0x1bb .\CortexM3\ARM_GCC_541\Debug\ADC_sharp.a(CyFlash.o)
                                0x3bd (size before relaxing)
 .debug_str     0x00001b2d       0xac .\CortexM3\ARM_GCC_541\Debug\ADC_sharp.a(CySpc.o)
                                0x335 (size before relaxing)

.debug_loc      0x00000000     0x26d0
 *(.debug_loc)
 .debug_loc     0x00000000      0x219 .\CortexM3\ARM_GCC_541\Debug\cyfitter_cfg.o
 .debug_loc     0x00000219      0x144 .\CortexM3\ARM_GCC_541\Debug\Cm3Start.o
 .debug_loc     0x0000035d      0x6c1 .\CortexM3\ARM_GCC_541\Debug\ADC_sharp.a(ADC.o)
 .debug_loc     0x00000a1e       0x21 .\CortexM3\ARM_GCC_541\Debug\ADC_sharp.a(Opamp.o)
 .debug_loc     0x00000a3f      0x300 .\CortexM3\ARM_GCC_541\Debug\ADC_sharp.a(LCD.o)
 .debug_loc     0x00000d3f       0x6c .\CortexM3\ARM_GCC_541\Debug\ADC_sharp.a(ADC_AMux.o)
 .debug_loc     0x00000dab      0x12c .\CortexM3\ARM_GCC_541\Debug\ADC_sharp.a(ADC_Ext_CP_Clk.o)
 .debug_loc     0x00000ed7      0x14d .\CortexM3\ARM_GCC_541\Debug\ADC_sharp.a(ADC_theACLK.o)
 .debug_loc     0x00001024      0xa11 .\CortexM3\ARM_GCC_541\Debug\ADC_sharp.a(CyLib.o)
 .debug_loc     0x00001a35      0x1e4 .\CortexM3\ARM_GCC_541\Debug\ADC_sharp.a(cyPm.o)
 .debug_loc     0x00001c19      0x3b2 .\CortexM3\ARM_GCC_541\Debug\ADC_sharp.a(CyFlash.o)
 .debug_loc     0x00001fcb      0x705 .\CortexM3\ARM_GCC_541\Debug\ADC_sharp.a(CySpc.o)

.debug_macinfo
 *(.debug_macinfo)

.debug_ranges   0x00000000      0x740
 *(.debug_ranges)
 .debug_ranges  0x00000000       0x10 .\CortexM3\ARM_GCC_541\Debug\main.o
 .debug_ranges  0x00000010       0x58 .\CortexM3\ARM_GCC_541\Debug\cyfitter_cfg.o
 .debug_ranges  0x00000068       0x38 .\CortexM3\ARM_GCC_541\Debug\Cm3Start.o
 .debug_ranges  0x000000a0       0xd8 .\CortexM3\ARM_GCC_541\Debug\ADC_sharp.a(ADC.o)
 .debug_ranges  0x00000178       0x28 .\CortexM3\ARM_GCC_541\Debug\ADC_sharp.a(ADC_INT.o)
 .debug_ranges  0x000001a0       0x30 .\CortexM3\ARM_GCC_541\Debug\ADC_sharp.a(Opamp.o)
 .debug_ranges  0x000001d0       0x80 .\CortexM3\ARM_GCC_541\Debug\ADC_sharp.a(LCD.o)
 .debug_ranges  0x00000250       0x20 .\CortexM3\ARM_GCC_541\Debug\ADC_sharp.a(ADC_AMux.o)
 .debug_ranges  0x00000270       0x60 .\CortexM3\ARM_GCC_541\Debug\ADC_sharp.a(ADC_Ext_CP_Clk.o)
 .debug_ranges  0x000002d0       0x70 .\CortexM3\ARM_GCC_541\Debug\ADC_sharp.a(ADC_theACLK.o)
 .debug_ranges  0x00000340      0x290 .\CortexM3\ARM_GCC_541\Debug\ADC_sharp.a(CyLib.o)
 .debug_ranges  0x000005d0       0x88 .\CortexM3\ARM_GCC_541\Debug\ADC_sharp.a(cyPm.o)
 .debug_ranges  0x00000658       0x78 .\CortexM3\ARM_GCC_541\Debug\ADC_sharp.a(CyFlash.o)
 .debug_ranges  0x000006d0       0x70 .\CortexM3\ARM_GCC_541\Debug\ADC_sharp.a(CySpc.o)

.comment        0x00000000       0x6e
 .comment       0x00000000       0x6e .\CortexM3\ARM_GCC_541\Debug\main.o
                                 0x6f (size before relaxing)
 .comment       0x0000006e       0x6f .\CortexM3\ARM_GCC_541\Debug\cyfitter_cfg.o
 .comment       0x0000006e       0x6f .\CortexM3\ARM_GCC_541\Debug\cymetadata.o
 .comment       0x0000006e       0x6f .\CortexM3\ARM_GCC_541\Debug\Cm3Start.o
 .comment       0x0000006e       0x6f .\CortexM3\ARM_GCC_541\Debug\ADC_sharp.a(ADC.o)
 .comment       0x0000006e       0x6f .\CortexM3\ARM_GCC_541\Debug\ADC_sharp.a(ADC_INT.o)
 .comment       0x0000006e       0x6f .\CortexM3\ARM_GCC_541\Debug\ADC_sharp.a(Opamp.o)
 .comment       0x0000006e       0x6f .\CortexM3\ARM_GCC_541\Debug\ADC_sharp.a(LCD.o)
 .comment       0x0000006e       0x6f .\CortexM3\ARM_GCC_541\Debug\ADC_sharp.a(ADC_AMux.o)
 .comment       0x0000006e       0x6f .\CortexM3\ARM_GCC_541\Debug\ADC_sharp.a(ADC_Ext_CP_Clk.o)
 .comment       0x0000006e       0x6f .\CortexM3\ARM_GCC_541\Debug\ADC_sharp.a(ADC_theACLK.o)
 .comment       0x0000006e       0x6f .\CortexM3\ARM_GCC_541\Debug\ADC_sharp.a(CyLib.o)
 .comment       0x0000006e       0x6f .\CortexM3\ARM_GCC_541\Debug\ADC_sharp.a(cyPm.o)
 .comment       0x0000006e       0x6f .\CortexM3\ARM_GCC_541\Debug\ADC_sharp.a(CyFlash.o)
 .comment       0x0000006e       0x6f .\CortexM3\ARM_GCC_541\Debug\ADC_sharp.a(CySpc.o)

.debug_weaknames
 *(.debug_weaknames)

.debug_funcnames
 *(.debug_funcnames)

.debug_typenames
 *(.debug_typenames)

.debug_varnames
 *(.debug_varnames)

.note.gnu.arm.ident
 *(.note.gnu.arm.ident)

.ARM.attributes
                0x00000000       0x29
 *(.ARM.attributes)
 .ARM.attributes
                0x00000000       0x1d c:/program files (x86)/cypress/psoc creator/4.2/psoc creator/import/gnu/arm/5.4.1/bin/../lib/gcc/arm-none-eabi/5.4.1/armv7-m/crti.o
 .ARM.attributes
                0x0000001d       0x2d c:/program files (x86)/cypress/psoc creator/4.2/psoc creator/import/gnu/arm/5.4.1/bin/../lib/gcc/arm-none-eabi/5.4.1/armv7-m/crtbegin.o
 .ARM.attributes
                0x0000004a       0x1b c:/program files (x86)/cypress/psoc creator/4.2/psoc creator/import/gnu/arm/5.4.1/bin/../lib/gcc/arm-none-eabi/5.4.1/../../../../arm-none-eabi/lib/armv7-m/crt0.o
 .ARM.attributes
                0x00000065       0x33 .\CortexM3\ARM_GCC_541\Debug\main.o
 .ARM.attributes
                0x00000098       0x33 .\CortexM3\ARM_GCC_541\Debug\cyfitter_cfg.o
 .ARM.attributes
                0x000000cb       0x33 .\CortexM3\ARM_GCC_541\Debug\cymetadata.o
 .ARM.attributes
                0x000000fe       0x33 .\CortexM3\ARM_GCC_541\Debug\Cm3Start.o
 .ARM.attributes
                0x00000131       0x33 .\CortexM3\ARM_GCC_541\Debug\ADC_sharp.a(ADC.o)
 .ARM.attributes
                0x00000164       0x33 .\CortexM3\ARM_GCC_541\Debug\ADC_sharp.a(ADC_INT.o)
 .ARM.attributes
                0x00000197       0x33 .\CortexM3\ARM_GCC_541\Debug\ADC_sharp.a(Opamp.o)
 .ARM.attributes
                0x000001ca       0x33 .\CortexM3\ARM_GCC_541\Debug\ADC_sharp.a(LCD.o)
 .ARM.attributes
                0x000001fd       0x33 .\CortexM3\ARM_GCC_541\Debug\ADC_sharp.a(ADC_AMux.o)
 .ARM.attributes
                0x00000230       0x33 .\CortexM3\ARM_GCC_541\Debug\ADC_sharp.a(ADC_Ext_CP_Clk.o)
 .ARM.attributes
                0x00000263       0x33 .\CortexM3\ARM_GCC_541\Debug\ADC_sharp.a(ADC_theACLK.o)
 .ARM.attributes
                0x00000296       0x33 .\CortexM3\ARM_GCC_541\Debug\ADC_sharp.a(CyLib.o)
 .ARM.attributes
                0x000002c9       0x33 .\CortexM3\ARM_GCC_541\Debug\ADC_sharp.a(cyPm.o)
 .ARM.attributes
                0x000002fc       0x21 .\CortexM3\ARM_GCC_541\Debug\ADC_sharp.a(CyBootAsmGnu.o)
 .ARM.attributes
                0x0000031d       0x33 .\CortexM3\ARM_GCC_541\Debug\ADC_sharp.a(CyFlash.o)
 .ARM.attributes
                0x00000350       0x33 .\CortexM3\ARM_GCC_541\Debug\ADC_sharp.a(CySpc.o)
 .ARM.attributes
                0x00000383       0x1d c:/program files (x86)/cypress/psoc creator/4.2/psoc creator/import/gnu/arm/5.4.1/bin/../lib/gcc/arm-none-eabi/5.4.1/armv7-m\libgcc.a(_arm_addsubdf3.o)
 .ARM.attributes
                0x000003a0       0x1d c:/program files (x86)/cypress/psoc creator/4.2/psoc creator/import/gnu/arm/5.4.1/bin/../lib/gcc/arm-none-eabi/5.4.1/armv7-m\libgcc.a(_arm_cmpdf2.o)
 .ARM.attributes
                0x000003bd       0x1d c:/program files (x86)/cypress/psoc creator/4.2/psoc creator/import/gnu/arm/5.4.1/bin/../lib/gcc/arm-none-eabi/5.4.1/armv7-m\libgcc.a(_arm_addsubsf3.o)
 .ARM.attributes
                0x000003da       0x1d c:/program files (x86)/cypress/psoc creator/4.2/psoc creator/import/gnu/arm/5.4.1/bin/../lib/gcc/arm-none-eabi/5.4.1/armv7-m\libgcc.a(_arm_muldivsf3.o)
 .ARM.attributes
                0x000003f7       0x1d c:/program files (x86)/cypress/psoc creator/4.2/psoc creator/import/gnu/arm/5.4.1/bin/../lib/gcc/arm-none-eabi/5.4.1/armv7-m\libgcc.a(_arm_fixunssfsi.o)
 .ARM.attributes
                0x00000414       0x2d c:/program files (x86)/cypress/psoc creator/4.2/psoc creator/import/gnu/arm/5.4.1/bin/../lib/gcc/arm-none-eabi/5.4.1/../../../../arm-none-eabi/lib/armv7-m\libg_nano.a(lib_a-errno.o)
 .ARM.attributes
                0x00000441       0x2d c:/program files (x86)/cypress/psoc creator/4.2/psoc creator/import/gnu/arm/5.4.1/bin/../lib/gcc/arm-none-eabi/5.4.1/../../../../arm-none-eabi/lib/armv7-m\libg_nano.a(lib_a-exit.o)
 .ARM.attributes
                0x0000046e       0x2d c:/program files (x86)/cypress/psoc creator/4.2/psoc creator/import/gnu/arm/5.4.1/bin/../lib/gcc/arm-none-eabi/5.4.1/../../../../arm-none-eabi/lib/armv7-m\libg_nano.a(lib_a-impure.o)
 .ARM.attributes
                0x0000049b       0x2d c:/program files (x86)/cypress/psoc creator/4.2/psoc creator/import/gnu/arm/5.4.1/bin/../lib/gcc/arm-none-eabi/5.4.1/../../../../arm-none-eabi/lib/armv7-m\libg_nano.a(lib_a-init.o)
 .ARM.attributes
                0x000004c8       0x2d c:/program files (x86)/cypress/psoc creator/4.2/psoc creator/import/gnu/arm/5.4.1/bin/../lib/gcc/arm-none-eabi/5.4.1/../../../../arm-none-eabi/lib/armv7-m\libg_nano.a(lib_a-memcpy-stub.o)
 .ARM.attributes
                0x000004f5       0x2d c:/program files (x86)/cypress/psoc creator/4.2/psoc creator/import/gnu/arm/5.4.1/bin/../lib/gcc/arm-none-eabi/5.4.1/../../../../arm-none-eabi/lib/armv7-m\libg_nano.a(lib_a-memset.o)
 .ARM.attributes
                0x00000522       0x2d c:/program files (x86)/cypress/psoc creator/4.2/psoc creator/import/gnu/arm/5.4.1/bin/../lib/gcc/arm-none-eabi/5.4.1/../../../../arm-none-eabi/lib/armv7-m\libg_nano.a(lib_a-nano-vfprintf_float.o)
 .ARM.attributes
                0x0000054f       0x2d c:/program files (x86)/cypress/psoc creator/4.2/psoc creator/import/gnu/arm/5.4.1/bin/../lib/gcc/arm-none-eabi/5.4.1/../../../../arm-none-eabi/lib/armv7-m\libg_nano.a(lib_a-nano-vfprintf_i.o)
 .ARM.attributes
                0x0000057c       0x2d c:/program files (x86)/cypress/psoc creator/4.2/psoc creator/import/gnu/arm/5.4.1/bin/../lib/gcc/arm-none-eabi/5.4.1/../../../../arm-none-eabi/lib/armv7-m\libg_nano.a(lib_a-sprintf.o)
 .ARM.attributes
                0x000005a9       0x17 c:/program files (x86)/cypress/psoc creator/4.2/psoc creator/import/gnu/arm/5.4.1/bin/../lib/gcc/arm-none-eabi/5.4.1/../../../../arm-none-eabi/lib/armv7-m\libg_nano.a(lib_a-strlen.o)
 .ARM.attributes
                0x000005c0       0x2d c:/program files (x86)/cypress/psoc creator/4.2/psoc creator/import/gnu/arm/5.4.1/bin/../lib/gcc/arm-none-eabi/5.4.1/../../../../arm-none-eabi/lib/armv7-m\libg_nano.a(lib_a-dtoa.o)
 .ARM.attributes
                0x000005ed       0x2d c:/program files (x86)/cypress/psoc creator/4.2/psoc creator/import/gnu/arm/5.4.1/bin/../lib/gcc/arm-none-eabi/5.4.1/../../../../arm-none-eabi/lib/armv7-m\libg_nano.a(lib_a-locale.o)
 .ARM.attributes
                0x0000061a       0x2d c:/program files (x86)/cypress/psoc creator/4.2/psoc creator/import/gnu/arm/5.4.1/bin/../lib/gcc/arm-none-eabi/5.4.1/../../../../arm-none-eabi/lib/armv7-m\libg_nano.a(lib_a-malloc.o)
 .ARM.attributes
                0x00000647       0x2d c:/program files (x86)/cypress/psoc creator/4.2/psoc creator/import/gnu/arm/5.4.1/bin/../lib/gcc/arm-none-eabi/5.4.1/../../../../arm-none-eabi/lib/armv7-m\libg_nano.a(lib_a-memchr-stub.o)
 .ARM.attributes
                0x00000674       0x2d c:/program files (x86)/cypress/psoc creator/4.2/psoc creator/import/gnu/arm/5.4.1/bin/../lib/gcc/arm-none-eabi/5.4.1/../../../../arm-none-eabi/lib/armv7-m\libg_nano.a(lib_a-mprec.o)
 .ARM.attributes
                0x000006a1       0x2d c:/program files (x86)/cypress/psoc creator/4.2/psoc creator/import/gnu/arm/5.4.1/bin/../lib/gcc/arm-none-eabi/5.4.1/../../../../arm-none-eabi/lib/armv7-m\libg_nano.a(lib_a-nano-callocr.o)
 .ARM.attributes
                0x000006ce       0x2d c:/program files (x86)/cypress/psoc creator/4.2/psoc creator/import/gnu/arm/5.4.1/bin/../lib/gcc/arm-none-eabi/5.4.1/../../../../arm-none-eabi/lib/armv7-m\libg_nano.a(lib_a-nano-freer.o)
 .ARM.attributes
                0x000006fb       0x2d c:/program files (x86)/cypress/psoc creator/4.2/psoc creator/import/gnu/arm/5.4.1/bin/../lib/gcc/arm-none-eabi/5.4.1/../../../../arm-none-eabi/lib/armv7-m\libg_nano.a(lib_a-nano-mallocr.o)
 .ARM.attributes
                0x00000728       0x2d c:/program files (x86)/cypress/psoc creator/4.2/psoc creator/import/gnu/arm/5.4.1/bin/../lib/gcc/arm-none-eabi/5.4.1/../../../../arm-none-eabi/lib/armv7-m\libg_nano.a(lib_a-nano-svfprintf.o)
 .ARM.attributes
                0x00000755       0x2d c:/program files (x86)/cypress/psoc creator/4.2/psoc creator/import/gnu/arm/5.4.1/bin/../lib/gcc/arm-none-eabi/5.4.1/../../../../arm-none-eabi/lib/armv7-m\libg_nano.a(lib_a-sbrkr.o)
 .ARM.attributes
                0x00000782       0x1b c:/program files (x86)/cypress/psoc creator/4.2/psoc creator/import/gnu/arm/5.4.1/bin/../lib/gcc/arm-none-eabi/5.4.1/../../../../arm-none-eabi/lib/armv7-m\libg_nano.a(lib_a-strcmp.o)
 .ARM.attributes
                0x0000079d       0x2d c:/program files (x86)/cypress/psoc creator/4.2/psoc creator/import/gnu/arm/5.4.1/bin/../lib/gcc/arm-none-eabi/5.4.1/../../../../arm-none-eabi/lib/armv7-m\libg_nano.a(lib_a-memmove.o)
 .ARM.attributes
                0x000007ca       0x2d c:/program files (x86)/cypress/psoc creator/4.2/psoc creator/import/gnu/arm/5.4.1/bin/../lib/gcc/arm-none-eabi/5.4.1/../../../../arm-none-eabi/lib/armv7-m\libg_nano.a(lib_a-mlock.o)
 .ARM.attributes
                0x000007f7       0x2d c:/program files (x86)/cypress/psoc creator/4.2/psoc creator/import/gnu/arm/5.4.1/bin/../lib/gcc/arm-none-eabi/5.4.1/../../../../arm-none-eabi/lib/armv7-m\libg_nano.a(lib_a-nano-reallocr.o)
 .ARM.attributes
                0x00000824       0x2d c:/program files (x86)/cypress/psoc creator/4.2/psoc creator/import/gnu/arm/5.4.1/bin/../lib/gcc/arm-none-eabi/5.4.1/../../../../arm-none-eabi/lib/armv7-m\libg_nano.a(lib_a-reent.o)
 .ARM.attributes
                0x00000851       0x2d c:/program files (x86)/cypress/psoc creator/4.2/psoc creator/import/gnu/arm/5.4.1/bin/../lib/gcc/arm-none-eabi/5.4.1/../../../../arm-none-eabi/lib/armv7-m\libg_nano.a(lib_a-nano-msizer.o)
 .ARM.attributes
                0x0000087e       0x1d c:/program files (x86)/cypress/psoc creator/4.2/psoc creator/import/gnu/arm/5.4.1/bin/../lib/gcc/arm-none-eabi/5.4.1/armv7-m\libgcc.a(_arm_muldivdf3.o)
 .ARM.attributes
                0x0000089b       0x1d c:/program files (x86)/cypress/psoc creator/4.2/psoc creator/import/gnu/arm/5.4.1/bin/../lib/gcc/arm-none-eabi/5.4.1/armv7-m\libgcc.a(_arm_unorddf2.o)
 .ARM.attributes
                0x000008b8       0x1d c:/program files (x86)/cypress/psoc creator/4.2/psoc creator/import/gnu/arm/5.4.1/bin/../lib/gcc/arm-none-eabi/5.4.1/armv7-m\libgcc.a(_arm_fixdfsi.o)
 .ARM.attributes
                0x000008d5       0x2d c:/program files (x86)/cypress/psoc creator/4.2/psoc creator/import/gnu/arm/5.4.1/bin/../lib/gcc/arm-none-eabi/5.4.1/armv7-m/crtend.o
 .ARM.attributes
                0x00000902       0x1d c:/program files (x86)/cypress/psoc creator/4.2/psoc creator/import/gnu/arm/5.4.1/bin/../lib/gcc/arm-none-eabi/5.4.1/armv7-m/crtn.o

/DISCARD/
 *(.note.GNU-stack)
OUTPUT(C:\Users\jdrd3\Documents\PSoC Creator\Ejemplos\ADC_sharp.cydsn\CortexM3\ARM_GCC_541\Debug\ADC_sharp.elf elf32-littlearm)
